Archive member included to satisfy reference by file (symbol)

c:/progra~1/raspbe~1/picosd~1.1/gcc-ar~1/bin/../lib/gcc/arm-none-eabi/10.3.1/thumb/v6-m/nofp\libgcc.a(_dvmd_tls.o)
                              CMakeFiles/reflex_test.dir/C_/Program_Files/Raspberry_Pi/Pico_SDK_v1.5.1/pico-sdk/src/rp2_common/pico_divider/divider.S.obj (__aeabi_idiv0)
c:/progra~1/raspbe~1/picosd~1.1/gcc-ar~1/bin/../lib/gcc/arm-none-eabi/10.3.1/../../../../arm-none-eabi/lib/thumb/v6-m/nofp\libg.a(lib_a-calloc.o)
                              CMakeFiles/reflex_test.dir/C_/Program_Files/Raspberry_Pi/Pico_SDK_v1.5.1/pico-sdk/src/rp2_common/pico_malloc/pico_malloc.c.obj (calloc)
c:/progra~1/raspbe~1/picosd~1.1/gcc-ar~1/bin/../lib/gcc/arm-none-eabi/10.3.1/../../../../arm-none-eabi/lib/thumb/v6-m/nofp\libg.a(lib_a-callocr.o)
                              c:/progra~1/raspbe~1/picosd~1.1/gcc-ar~1/bin/../lib/gcc/arm-none-eabi/10.3.1/../../../../arm-none-eabi/lib/thumb/v6-m/nofp\libg.a(lib_a-calloc.o) (_calloc_r)
c:/progra~1/raspbe~1/picosd~1.1/gcc-ar~1/bin/../lib/gcc/arm-none-eabi/10.3.1/../../../../arm-none-eabi/lib/thumb/v6-m/nofp\libg.a(lib_a-errno.o)
                              c:/progra~1/raspbe~1/picosd~1.1/gcc-ar~1/bin/../lib/gcc/arm-none-eabi/10.3.1/../../../../arm-none-eabi/lib/thumb/v6-m/nofp\libg.a(lib_a-callocr.o) (__errno)
c:/progra~1/raspbe~1/picosd~1.1/gcc-ar~1/bin/../lib/gcc/arm-none-eabi/10.3.1/../../../../arm-none-eabi/lib/thumb/v6-m/nofp\libg.a(lib_a-impure.o)
                              c:/progra~1/raspbe~1/picosd~1.1/gcc-ar~1/bin/../lib/gcc/arm-none-eabi/10.3.1/../../../../arm-none-eabi/lib/thumb/v6-m/nofp\libg.a(lib_a-calloc.o) (_impure_ptr)
c:/progra~1/raspbe~1/picosd~1.1/gcc-ar~1/bin/../lib/gcc/arm-none-eabi/10.3.1/../../../../arm-none-eabi/lib/thumb/v6-m/nofp\libg.a(lib_a-init.o)
                              c:/progra~1/raspbe~1/picosd~1.1/gcc-ar~1/bin/../lib/gcc/arm-none-eabi/10.3.1/../../../../arm-none-eabi/lib/thumb/v6-m/nofp/crt0.o (__libc_init_array)
c:/progra~1/raspbe~1/picosd~1.1/gcc-ar~1/bin/../lib/gcc/arm-none-eabi/10.3.1/../../../../arm-none-eabi/lib/thumb/v6-m/nofp\libg.a(lib_a-malloc.o)
                              CMakeFiles/reflex_test.dir/C_/Program_Files/Raspberry_Pi/Pico_SDK_v1.5.1/pico-sdk/src/rp2_common/pico_malloc/pico_malloc.c.obj (malloc)
c:/progra~1/raspbe~1/picosd~1.1/gcc-ar~1/bin/../lib/gcc/arm-none-eabi/10.3.1/../../../../arm-none-eabi/lib/thumb/v6-m/nofp\libg.a(lib_a-mallocr.o)
                              c:/progra~1/raspbe~1/picosd~1.1/gcc-ar~1/bin/../lib/gcc/arm-none-eabi/10.3.1/../../../../arm-none-eabi/lib/thumb/v6-m/nofp\libg.a(lib_a-callocr.o) (_malloc_r)
c:/progra~1/raspbe~1/picosd~1.1/gcc-ar~1/bin/../lib/gcc/arm-none-eabi/10.3.1/../../../../arm-none-eabi/lib/thumb/v6-m/nofp\libg.a(lib_a-mlock.o)
                              c:/progra~1/raspbe~1/picosd~1.1/gcc-ar~1/bin/../lib/gcc/arm-none-eabi/10.3.1/../../../../arm-none-eabi/lib/thumb/v6-m/nofp\libg.a(lib_a-mallocr.o) (__malloc_lock)
c:/progra~1/raspbe~1/picosd~1.1/gcc-ar~1/bin/../lib/gcc/arm-none-eabi/10.3.1/../../../../arm-none-eabi/lib/thumb/v6-m/nofp\libg.a(lib_a-rand.o)
                              CMakeFiles/reflex_test.dir/reflex_test.c.obj (srand)
c:/progra~1/raspbe~1/picosd~1.1/gcc-ar~1/bin/../lib/gcc/arm-none-eabi/10.3.1/../../../../arm-none-eabi/lib/thumb/v6-m/nofp\libg.a(lib_a-realloc.o)
                              CMakeFiles/reflex_test.dir/C_/Program_Files/Raspberry_Pi/Pico_SDK_v1.5.1/pico-sdk/src/rp2_common/pico_malloc/pico_malloc.c.obj (realloc)
c:/progra~1/raspbe~1/picosd~1.1/gcc-ar~1/bin/../lib/gcc/arm-none-eabi/10.3.1/../../../../arm-none-eabi/lib/thumb/v6-m/nofp\libg.a(lib_a-reallocr.o)
                              c:/progra~1/raspbe~1/picosd~1.1/gcc-ar~1/bin/../lib/gcc/arm-none-eabi/10.3.1/../../../../arm-none-eabi/lib/thumb/v6-m/nofp\libg.a(lib_a-realloc.o) (_realloc_r)
c:/progra~1/raspbe~1/picosd~1.1/gcc-ar~1/bin/../lib/gcc/arm-none-eabi/10.3.1/../../../../arm-none-eabi/lib/thumb/v6-m/nofp\libg.a(lib_a-sbrkr.o)
                              c:/progra~1/raspbe~1/picosd~1.1/gcc-ar~1/bin/../lib/gcc/arm-none-eabi/10.3.1/../../../../arm-none-eabi/lib/thumb/v6-m/nofp\libg.a(lib_a-mallocr.o) (_sbrk_r)
c:/progra~1/raspbe~1/picosd~1.1/gcc-ar~1/bin/../lib/gcc/arm-none-eabi/10.3.1/../../../../arm-none-eabi/lib/thumb/v6-m/nofp\libg.a(lib_a-strlen-stub.o)
                              CMakeFiles/reflex_test.dir/C_/Program_Files/Raspberry_Pi/Pico_SDK_v1.5.1/pico-sdk/src/rp2_common/pico_stdio/stdio.c.obj (strlen)
c:/progra~1/raspbe~1/picosd~1.1/gcc-ar~1/bin/../lib/gcc/arm-none-eabi/10.3.1/../../../../arm-none-eabi/lib/thumb/v6-m/nofp\libg.a(lib_a-time.o)
                              CMakeFiles/reflex_test.dir/reflex_test.c.obj (time)
c:/progra~1/raspbe~1/picosd~1.1/gcc-ar~1/bin/../lib/gcc/arm-none-eabi/10.3.1/../../../../arm-none-eabi/lib/thumb/v6-m/nofp\libg.a(lib_a-freer.o)
[...]
Memory Configuration

Name             Origin             Length             Attributes
FLASH            0x10000000         0x00200000         xr
RAM              0x20000000         0x00040000         xrw
SCRATCH_X        0x20040000         0x00001000         xrw
SCRATCH_Y        0x20041000         0x00001000         xrw
*default*        0x00000000         0xffffffff

Linker script and memory map

LOAD c:/progra~1/raspbe~1/picosd~1.1/gcc-ar~1/bin/../lib/gcc/arm-none-eabi/10.3.1/thumb/v6-m/nofp/crti.o
LOAD c:/progra~1/raspbe~1/picosd~1.1/gcc-ar~1/bin/../lib/gcc/arm-none-eabi/10.3.1/thumb/v6-m/nofp/crtbegin.o
LOAD c:/progra~1/raspbe~1/picosd~1.1/gcc-ar~1/bin/../lib/gcc/arm-none-eabi/10.3.1/../../../../arm-none-eabi/lib/thumb/v6-m/nofp/crt0.o

.flash_begin    0x10000000        0x0
                0x10000000                __flash_binary_start = .

.boot2          0x10000000      0x100
                0x10000000                __boot2_start__ = .
 *(.boot2)
 .boot2         0x10000000      0x100 C:\Users\pc\AppData\Local\Temp\ccUctJhz.o
                0x10000100                __boot2_end__ = .
                0x00000001                ASSERT (((__boot2_end__ - __boot2_start__) == 0x100), ERROR: Pico second stage bootloader must be 256 bytes in size)

.text           0x10000100     0x7358
                0x10000100                __logical_binary_start = .
 *(.vectors)
 .vectors       0x10000100       0xd4 CMakeFiles/reflex_test.dir/C_/Program_Files/Raspberry_Pi/Pico_SDK_v1.5.1/pico-sdk/src/rp2_common/pico_standard_link/crt0.S.obj
                0x10000100                __VECTOR_TABLE
                0x10000100                __vectors
                0x100001c0                isr_invalid
                0x100001c0                __default_isrs_start
                0x100001c2                isr_nmi
                0x100001c4                isr_hardfault
                0x100001c6                isr_svcall
                0x100001c8                isr_pendsv
                0x100001ca                isr_systick
                0x100001cc                isr_irq23
                0x100001cc                isr_irq18
                0x100001cc                isr_irq11
                0x100001cc                isr_irq28
                0x100001cc                isr_irq19
                0x100001cc                isr_irq0
                0x100001cc                isr_irq6
                0x100001cc                isr_irq5
                0x100001cc                isr_irq12
                0x100001cc                isr_irq22
                0x100001cc                isr_irq31
                0x100001cc                isr_irq17
                0x100001cc                isr_irq27
                0x100001cc                isr_irq30
                0x100001cc                isr_irq2
                0x100001cc                isr_irq10
                0x100001cc                isr_irq8
                0x100001cc                isr_irq24
                0x100001cc                isr_irq1
                0x100001cc                isr_irq7
                0x100001cc                isr_irq21
                0x100001cc                isr_irq20
                0x100001cc                isr_irq15
                0x100001cc                isr_irq25
                0x100001cc                isr_irq13
                0x100001cc                __unhandled_user_irq
                0x100001cc                isr_irq4
                0x100001cc                isr_irq16
                0x100001cc                isr_irq29
                0x100001cc                isr_irq26
                0x100001cc                __default_isrs_end
                0x100001cc                isr_irq3
                0x100001cc                isr_irq14
                0x100001cc                isr_irq9
                0x100001d2                unhandled_user_irq_num_in_r0
 *(.binary_info_header)
 .binary_info_header
                0x100001d4       0x14 CMakeFiles/reflex_test.dir/C_/Program_Files/Raspberry_Pi/Pico_SDK_v1.5.1/pico-sdk/src/rp2_common/pico_standard_link/crt0.S.obj
                0x100001e8                __binary_info_header_end = .
 *(.reset)
 .reset         0x100001e8       0xa0 CMakeFiles/reflex_test.dir/C_/Program_Files/Raspberry_Pi/Pico_SDK_v1.5.1/pico-sdk/src/rp2_common/pico_standard_link/crt0.S.obj
                0x100001e8                _entry_point
 .reset         0x10000288       0x30 CMakeFiles/reflex_test.dir/C_/Program_Files/Raspberry_Pi/Pico_SDK_v1.5.1/pico-sdk/src/rp2_common/pico_standard_link/binary_info.c.obj
 *(.init)
 .init          0x100002b8        0x4 c:/progra~1/raspbe~1/picosd~1.1/gcc-ar~1/bin/../lib/gcc/arm-none-eabi/10.3.1/thumb/v6-m/nofp/crti.o
                0x100002b8                _init
 *(EXCLUDE_FILE(*libm.a: *libc.a:*lib_a-mem*.o *libgcc.a:) .text*)
 .text          0x100002bc       0x48 c:/progra~1/raspbe~1/picosd~1.1/gcc-ar~1/bin/../lib/gcc/arm-none-eabi/10.3.1/thumb/v6-m/nofp/crtbegin.o
 .text.main     0x10000304      0x5bc CMakeFiles/reflex_test.dir/reflex_test.c.obj
                0x10000304                main
 .text.gpio_set_function
                0x100008c0       0x30 CMakeFiles/reflex_test.dir/C_/Program_Files/Raspberry_Pi/Pico_SDK_v1.5.1/pico-sdk/src/rp2_common/hardware_gpio/gpio.c.obj
                0x100008c0                gpio_set_function
 .text.gpio_set_pulls
                0x100008f0       0x34 CMakeFiles/reflex_test.dir/C_/Program_Files/Raspberry_Pi/Pico_SDK_v1.5.1/pico-sdk/src/rp2_common/hardware_gpio/gpio.c.obj
                0x100008f0                gpio_set_pulls
 .text.gpio_init
                0x10000924       0x16 CMakeFiles/reflex_test.dir/C_/Program_Files/Raspberry_Pi/Pico_SDK_v1.5.1/pico-sdk/src/rp2_common/hardware_gpio/gpio.c.obj
                0x10000924                gpio_init
 *fill*         0x1000093a        0x2 
 .text.running_on_fpga
                0x1000093c       0x14 CMakeFiles/reflex_test.dir/C_/Program_Files/Raspberry_Pi/Pico_SDK_v1.5.1/pico-sdk/src/rp2_common/pico_platform/platform.c.obj
                0x1000093c                running_on_fpga
 .text.hw_claim_lock
                0x10000950       0x18 CMakeFiles/reflex_test.dir/C_/Program_Files/Raspberry_Pi/Pico_SDK_v1.5.1/pico-sdk/src/rp2_common/hardware_claim/claim.c.obj
                0x10000950                hw_claim_lock
 .text.hw_claim_unlock
                0x10000968       0x14 CMakeFiles/reflex_test.dir/C_/Program_Files/Raspberry_Pi/Pico_SDK_v1.5.1/pico-sdk/src/rp2_common/hardware_claim/claim.c.obj
                0x10000968                hw_claim_unlock
 .text.hw_claim_or_assert
                0x1000097c       0x32 CMakeFiles/reflex_test.dir/C_/Program_Files/Raspberry_Pi/Pico_SDK_v1.5.1/pico-sdk/src/rp2_common/hardware_claim/claim.c.obj
                0x1000097c                hw_claim_or_assert
 .text.hw_claim_unused_from_range
                0x100009ae       0x50 CMakeFiles/reflex_test.dir/C_/Program_Files/Raspberry_Pi/Pico_SDK_v1.5.1/pico-sdk/src/rp2_common/hardware_claim/claim.c.obj
                0x100009ae                hw_claim_unused_from_range
 *fill*         0x100009fe        0x2 
 .text.spin_locks_reset
                0x10000a00       0x20 CMakeFiles/reflex_test.dir/C_/Program_Files/Raspberry_Pi/Pico_SDK_v1.5.1/pico-sdk/src/rp2_common/hardware_sync/sync.c.obj
                0x10000a00                spin_locks_reset
 .text.next_striped_spin_lock_num
                0x10000a20       0x1c CMakeFiles/reflex_test.dir/C_/Program_Files/Raspberry_Pi/Pico_SDK_v1.5.1/pico-sdk/src/rp2_common/hardware_sync/sync.c.obj
                0x10000a20                next_striped_spin_lock_num
 .text.spin_lock_claim_unused
                0x10000a3c       0x20 CMakeFiles/reflex_test.dir/C_/Program_Files/Raspberry_Pi/Pico_SDK_v1.5.1/pico-sdk/src/rp2_common/hardware_sync/sync.c.obj
                0x10000a3c                spin_lock_claim_unused
 .text.set_raw_irq_handler_and_unlock
                0x10000a5c       0x28 CMakeFiles/reflex_test.dir/C_/Program_Files/Raspberry_Pi/Pico_SDK_v1.5.1/pico-sdk/src/rp2_common/hardware_irq/irq.c.obj
 .text.make_branch
                0x10000a84       0x48 CMakeFiles/reflex_test.dir/C_/Program_Files/Raspberry_Pi/Pico_SDK_v1.5.1/pico-sdk/src/rp2_common/hardware_irq/irq.c.obj
 .text.insert_branch_and_link
                0x10000acc       0x40 CMakeFiles/reflex_test.dir/C_/Program_Files/Raspberry_Pi/Pico_SDK_v1.5.1/pico-sdk/src/rp2_common/hardware_irq/irq.c.obj
 .text.irq_is_enabled
                0x10000b0c       0x18 CMakeFiles/reflex_test.dir/C_/Program_Files/Raspberry_Pi/Pico_SDK_v1.5.1/pico-sdk/src/rp2_common/hardware_irq/irq.c.obj
                0x10000b0c                irq_is_enabled
 .text.irq_set_mask_enabled
                0x10000b24       0x20 CMakeFiles/reflex_test.dir/C_/Program_Files/Raspberry_Pi/Pico_SDK_v1.5.1/pico-sdk/src/rp2_common/hardware_irq/irq.c.obj
                0x10000b24                irq_set_mask_enabled
 .text.irq_set_enabled
                0x10000b44        0xe CMakeFiles/reflex_test.dir/C_/Program_Files/Raspberry_Pi/Pico_SDK_v1.5.1/pico-sdk/src/rp2_common/hardware_irq/irq.c.obj
                0x10000b44                irq_set_enabled
 *fill*         0x10000b52        0x2 
 .text.irq_set_pending
                0x10000b54       0x10 CMakeFiles/reflex_test.dir/C_/Program_Files/Raspberry_Pi/Pico_SDK_v1.5.1/pico-sdk/src/rp2_common/hardware_irq/irq.c.obj
                0x10000b54                irq_set_pending
 .text.irq_get_vtable_handler
                0x10000b64       0x10 CMakeFiles/reflex_test.dir/C_/Program_Files/Raspberry_Pi/Pico_SDK_v1.5.1/pico-sdk/src/rp2_common/hardware_irq/irq.c.obj
                0x10000b64                irq_get_vtable_handler
 .text.irq_has_shared_handler
                0x10000b74       0x24 CMakeFiles/reflex_test.dir/C_/Program_Files/Raspberry_Pi/Pico_SDK_v1.5.1/pico-sdk/src/rp2_common/hardware_irq/irq.c.obj
                0x10000b74                irq_has_shared_handler
 .text.irq_set_exclusive_handler
                0x10000b98       0x54 CMakeFiles/reflex_test.dir/C_/Program_Files/Raspberry_Pi/Pico_SDK_v1.5.1/pico-sdk/src/rp2_common/hardware_irq/irq.c.obj
                0x10000b98                irq_set_exclusive_handler
 .text.irq_add_shared_handler
                0x10000bec      0x234 CMakeFiles/reflex_test.dir/C_/Program_Files/Raspberry_Pi/Pico_SDK_v1.5.1/pico-sdk/src/rp2_common/hardware_irq/irq.c.obj
                0x10000bec                irq_add_shared_handler
 .text.irq_remove_handler
                0x10000e20      0x1ac CMakeFiles/reflex_test.dir/C_/Program_Files/Raspberry_Pi/Pico_SDK_v1.5.1/pico-sdk/src/rp2_common/hardware_irq/irq.c.obj
                0x10000e20                irq_remove_handler
 .text.irq_add_tail_to_free_list
                0x10000fcc       0xf0 CMakeFiles/reflex_test.dir/C_/Program_Files/Raspberry_Pi/Pico_SDK_v1.5.1/pico-sdk/src/rp2_common/hardware_irq/irq.c.obj
                0x10000fcc                irq_add_tail_to_free_list
 .text.irq_init_priorities
                0x100010bc       0x1c CMakeFiles/reflex_test.dir/C_/Program_Files/Raspberry_Pi/Pico_SDK_v1.5.1/pico-sdk/src/rp2_common/hardware_irq/irq.c.obj
                0x100010bc                irq_init_priorities
 .text.user_irq_claim_unused
                0x100010d8       0x28 CMakeFiles/reflex_test.dir/C_/Program_Files/Raspberry_Pi/Pico_SDK_v1.5.1/pico-sdk/src/rp2_common/hardware_irq/irq.c.obj
                0x100010d8                user_irq_claim_unused
 .text.lock_init
                0x10001100       0x10 CMakeFiles/reflex_test.dir/C_/Program_Files/Raspberry_Pi/Pico_SDK_v1.5.1/pico-sdk/src/common/pico_sync/lock_core.c.obj
                0x10001100                lock_init
 .text.mutex_init
                0x10001110       0x1a CMakeFiles/reflex_test.dir/C_/Program_Files/Raspberry_Pi/Pico_SDK_v1.5.1/pico-sdk/src/common/pico_sync/mutex.c.obj
                0x10001110                mutex_init
 .text.recursive_mutex_init
                0x1000112a       0x1e CMakeFiles/reflex_test.dir/C_/Program_Files/Raspberry_Pi/Pico_SDK_v1.5.1/pico-sdk/src/common/pico_sync/mutex.c.obj
                0x1000112a                recursive_mutex_init
 .text.critical_section_init_with_lock_num
                0x10001148       0x14 CMakeFiles/reflex_test.dir/C_/Program_Files/Raspberry_Pi/Pico_SDK_v1.5.1/pico-sdk/src/common/pico_sync/critical_section.c.obj
                0x10001148                critical_section_init_with_lock_num
 .text.critical_section_init
                0x1000115c       0x14 CMakeFiles/reflex_test.dir/C_/Program_Files/Raspberry_Pi/Pico_SDK_v1.5.1/pico-sdk/src/common/pico_sync/critical_section.c.obj
                0x1000115c                critical_section_init
 .text.alarm_pool_post_alloc_init
                0x10001170       0x40 CMakeFiles/reflex_test.dir/C_/Program_Files/Raspberry_Pi/Pico_SDK_v1.5.1/pico-sdk/src/common/pico_time/time.c.obj
 .text.sleep_until_callback
                0x100011b0       0x30 CMakeFiles/reflex_test.dir/C_/Program_Files/Raspberry_Pi/Pico_SDK_v1.5.1/pico-sdk/src/common/pico_time/time.c.obj
 .text.timer_pool_entry_comparator
                0x100011e0       0x7c CMakeFiles/reflex_test.dir/C_/Program_Files/Raspberry_Pi/Pico_SDK_v1.5.1/pico-sdk/src/common/pico_time/time.c.obj
                0x100011e0                timer_pool_entry_comparator
 .text.ph_add_child_node
                0x1000125c       0xa4 CMakeFiles/reflex_test.dir/C_/Program_Files/Raspberry_Pi/Pico_SDK_v1.5.1/pico-sdk/src/common/pico_time/time.c.obj
 .text.ph_merge_nodes
                0x10001300       0x3e CMakeFiles/reflex_test.dir/C_/Program_Files/Raspberry_Pi/Pico_SDK_v1.5.1/pico-sdk/src/common/pico_time/time.c.obj
 *fill*         0x1000133e        0x2 
 .text.add_alarm_under_lock
                0x10001340      0x174 CMakeFiles/reflex_test.dir/C_/Program_Files/Raspberry_Pi/Pico_SDK_v1.5.1/pico-sdk/src/common/pico_time/time.c.obj
 .text.alarm_pool_alarm_callback
                0x100014b4      0x33c CMakeFiles/reflex_test.dir/C_/Program_Files/Raspberry_Pi/Pico_SDK_v1.5.1/pico-sdk/src/common/pico_time/time.c.obj
 .text.alarm_pool_init_default
                0x100017f0       0x40 CMakeFiles/reflex_test.dir/C_/Program_Files/Raspberry_Pi/Pico_SDK_v1.5.1/pico-sdk/src/common/pico_time/time.c.obj
                0x100017f0                alarm_pool_init_default
 .text.alarm_pool_get_default
                0x10001830       0x2c CMakeFiles/reflex_test.dir/C_/Program_Files/Raspberry_Pi/Pico_SDK_v1.5.1/pico-sdk/src/common/pico_time/time.c.obj
                0x10001830                alarm_pool_get_default
 .text.alarm_pool_add_alarm_at
                0x1000185c      0x168 CMakeFiles/reflex_test.dir/C_/Program_Files/Raspberry_Pi/Pico_SDK_v1.5.1/pico-sdk/src/common/pico_time/time.c.obj
                0x1000185c                alarm_pool_add_alarm_at
 .text.alarm_pool_cancel_alarm
                0x100019c4       0xf8 CMakeFiles/reflex_test.dir/C_/Program_Files/Raspberry_Pi/Pico_SDK_v1.5.1/pico-sdk/src/common/pico_time/time.c.obj
                0x100019c4                alarm_pool_cancel_alarm
 .text.alarm_pool_core_num
                0x10001abc        0x4 CMakeFiles/reflex_test.dir/C_/Program_Files/Raspberry_Pi/Pico_SDK_v1.5.1/pico-sdk/src/common/pico_time/time.c.obj
                0x10001abc                alarm_pool_core_num
 .text.sleep_until
                0x10001ac0       0xfc CMakeFiles/reflex_test.dir/C_/Program_Files/Raspberry_Pi/Pico_SDK_v1.5.1/pico-sdk/src/common/pico_time/time.c.obj
                0x10001ac0                sleep_until
 .text.sleep_us
                0x10001bbc       0x58 CMakeFiles/reflex_test.dir/C_/Program_Files/Raspberry_Pi/Pico_SDK_v1.5.1/pico-sdk/src/common/pico_time/time.c.obj
                0x10001bbc                sleep_us
 .text.sleep_ms
                0x10001c14       0x14 CMakeFiles/reflex_test.dir/C_/Program_Files/Raspberry_Pi/Pico_SDK_v1.5.1/pico-sdk/src/common/pico_time/time.c.obj
                0x10001c14                sleep_ms
 .text.best_effort_wfe_or_timeout
                0x10001c28       0xac CMakeFiles/reflex_test.dir/C_/Program_Files/Raspberry_Pi/Pico_SDK_v1.5.1/pico-sdk/src/common/pico_time/time.c.obj
                0x10001c28                best_effort_wfe_or_timeout
 .text.hardware_alarm_irq_handler
                0x10001cd4       0x90 CMakeFiles/reflex_test.dir/C_/Program_Files/Raspberry_Pi/Pico_SDK_v1.5.1/pico-sdk/src/rp2_common/hardware_timer/timer.c.obj
 .text.hardware_alarm_claim
                0x10001d64       0x18 CMakeFiles/reflex_test.dir/C_/Program_Files/Raspberry_Pi/Pico_SDK_v1.5.1/pico-sdk/src/rp2_common/hardware_timer/timer.c.obj
                0x10001d64                hardware_alarm_claim
 .text.time_us_64
                0x10001d7c       0x18 CMakeFiles/reflex_test.dir/C_/Program_Files/Raspberry_Pi/Pico_SDK_v1.5.1/pico-sdk/src/rp2_common/hardware_timer/timer.c.obj
                0x10001d7c                time_us_64
 .text.busy_wait_until
                0x10001d94       0x28 CMakeFiles/reflex_test.dir/C_/Program_Files/Raspberry_Pi/Pico_SDK_v1.5.1/pico-sdk/src/rp2_common/hardware_timer/timer.c.obj
                0x10001d94                busy_wait_until
 .text.hardware_alarm_set_callback
                0x10001dbc       0x90 CMakeFiles/reflex_test.dir/C_/Program_Files/Raspberry_Pi/Pico_SDK_v1.5.1/pico-sdk/src/rp2_common/hardware_timer/timer.c.obj
                0x10001dbc                hardware_alarm_set_callback
 .text.hardware_alarm_set_target
                0x10001e4c       0xe8 CMakeFiles/reflex_test.dir/C_/Program_Files/Raspberry_Pi/Pico_SDK_v1.5.1/pico-sdk/src/rp2_common/hardware_timer/timer.c.obj
                0x10001e4c                hardware_alarm_set_target
 .text.hardware_alarm_cancel
                0x10001f34       0x40 CMakeFiles/reflex_test.dir/C_/Program_Files/Raspberry_Pi/Pico_SDK_v1.5.1/pico-sdk/src/rp2_common/hardware_timer/timer.c.obj
                0x10001f34                hardware_alarm_cancel
 .text.ph_add_child_node
                0x10001f74       0xa4 CMakeFiles/reflex_test.dir/C_/Program_Files/Raspberry_Pi/Pico_SDK_v1.5.1/pico-sdk/src/common/pico_util/pheap.c.obj
 .text.ph_merge_nodes
                0x10002018       0x3e CMakeFiles/reflex_test.dir/C_/Program_Files/Raspberry_Pi/Pico_SDK_v1.5.1/pico-sdk/src/common/pico_util/pheap.c.obj
 *fill*         0x10002056        0x2 
 .text.ph_clear
                0x10002058       0x70 CMakeFiles/reflex_test.dir/C_/Program_Files/Raspberry_Pi/Pico_SDK_v1.5.1/pico-sdk/src/common/pico_util/pheap.c.obj
                0x10002058                ph_clear
 .text.ph_post_alloc_init
                0x100020c8        0xe CMakeFiles/reflex_test.dir/C_/Program_Files/Raspberry_Pi/Pico_SDK_v1.5.1/pico-sdk/src/common/pico_util/pheap.c.obj
                0x100020c8                ph_post_alloc_init
 *fill*         0x100020d6        0x2 
 .text.ph_merge_two_pass
                0x100020d8       0xa8 CMakeFiles/reflex_test.dir/C_/Program_Files/Raspberry_Pi/Pico_SDK_v1.5.1/pico-sdk/src/common/pico_util/pheap.c.obj
                0x100020d8                ph_merge_two_pass
 .text.ph_remove_any_head
                0x10002180      0x128 CMakeFiles/reflex_test.dir/C_/Program_Files/Raspberry_Pi/Pico_SDK_v1.5.1/pico-sdk/src/common/pico_util/pheap.c.obj
 .text.ph_remove_head
                0x100022a8       0x14 CMakeFiles/reflex_test.dir/C_/Program_Files/Raspberry_Pi/Pico_SDK_v1.5.1/pico-sdk/src/common/pico_util/pheap.c.obj
                0x100022a8                ph_remove_head
 .text.ph_remove_and_free_node
                0x100022bc       0xf8 CMakeFiles/reflex_test.dir/C_/Program_Files/Raspberry_Pi/Pico_SDK_v1.5.1/pico-sdk/src/common/pico_util/pheap.c.obj
                0x100022bc                ph_remove_and_free_node
 .text.clock_configure
                0x100023b4      0x108 CMakeFiles/reflex_test.dir/C_/Program_Files/Raspberry_Pi/Pico_SDK_v1.5.1/pico-sdk/src/rp2_common/hardware_clocks/clocks.c.obj
                0x100023b4                clock_configure
 .text.clocks_init
                0x100024bc      0x100 CMakeFiles/reflex_test.dir/C_/Program_Files/Raspberry_Pi/Pico_SDK_v1.5.1/pico-sdk/src/rp2_common/hardware_clocks/clocks.c.obj
                0x100024bc                clocks_init
 .text.pll_init
                0x100025bc      0x120 CMakeFiles/reflex_test.dir/C_/Program_Files/Raspberry_Pi/Pico_SDK_v1.5.1/pico-sdk/src/rp2_common/hardware_pll/pll.c.obj
                0x100025bc                pll_init
 .text.watchdog_start_tick
                0x100026dc       0x10 CMakeFiles/reflex_test.dir/C_/Program_Files/Raspberry_Pi/Pico_SDK_v1.5.1/pico-sdk/src/rp2_common/hardware_watchdog/watchdog.c.obj
                0x100026dc                watchdog_start_tick
 .text.watchdog_update
                0x100026ec       0x14 CMakeFiles/reflex_test.dir/C_/Program_Files/Raspberry_Pi/Pico_SDK_v1.5.1/pico-sdk/src/rp2_common/hardware_watchdog/watchdog.c.obj
                0x100026ec                watchdog_update
 .text._watchdog_enable
                0x10002700       0x78 CMakeFiles/reflex_test.dir/C_/Program_Files/Raspberry_Pi/Pico_SDK_v1.5.1/pico-sdk/src/rp2_common/hardware_watchdog/watchdog.c.obj
                0x10002700                _watchdog_enable
 .text.watchdog_reboot
                0x10002778       0x48 CMakeFiles/reflex_test.dir/C_/Program_Files/Raspberry_Pi/Pico_SDK_v1.5.1/pico-sdk/src/rp2_common/hardware_watchdog/watchdog.c.obj
                0x10002778                watchdog_reboot
 .text.xosc_init
                0x100027c0       0x28 CMakeFiles/reflex_test.dir/C_/Program_Files/Raspberry_Pi/Pico_SDK_v1.5.1/pico-sdk/src/rp2_common/hardware_xosc/xosc.c.obj
                0x100027c0                xosc_init
 .text._exit    0x100027e8        0x4 CMakeFiles/reflex_test.dir/C_/Program_Files/Raspberry_Pi/Pico_SDK_v1.5.1/pico-sdk/src/rp2_common/pico_runtime/runtime.c.obj
                0x100027e8                _exit
 .text.exit     0x100027ec        0x6 CMakeFiles/reflex_test.dir/C_/Program_Files/Raspberry_Pi/Pico_SDK_v1.5.1/pico-sdk/src/rp2_common/pico_runtime/runtime.c.obj
                0x100027ec                exit
 *fill*         0x100027f2        0x2 
 .text.__assert_func
                0x100027f4       0x3c CMakeFiles/reflex_test.dir/C_/Program_Files/Raspberry_Pi/Pico_SDK_v1.5.1/pico-sdk/src/rp2_common/pico_runtime/runtime.c.obj
                0x100027f4                __assert_func
 .text.runtime_init
                0x10002830       0xf8 CMakeFiles/reflex_test.dir/C_/Program_Files/Raspberry_Pi/Pico_SDK_v1.5.1/pico-sdk/src/rp2_common/pico_runtime/runtime.c.obj
                0x10002830                runtime_init
 .text._gettimeofday
                0x10002928       0x5c CMakeFiles/reflex_test.dir/C_/Program_Files/Raspberry_Pi/Pico_SDK_v1.5.1/pico-sdk/src/rp2_common/pico_runtime/runtime.c.obj
                0x10002928                _gettimeofday
 .text.panic    0x10002984       0x30 CMakeFiles/reflex_test.dir/C_/Program_Files/Raspberry_Pi/Pico_SDK_v1.5.1/pico-sdk/src/rp2_common/pico_runtime/runtime.c.obj
                0x10002984                panic
 .text._out_null
                0x100029b4        0x2 CMakeFiles/reflex_test.dir/C_/Program_Files/Raspberry_Pi/Pico_SDK_v1.5.1/pico-sdk/src/rp2_common/pico_printf/printf.c.obj
 .text._out_fct
                0x100029b6        0xe CMakeFiles/reflex_test.dir/C_/Program_Files/Raspberry_Pi/Pico_SDK_v1.5.1/pico-sdk/src/rp2_common/pico_printf/printf.c.obj
 .text._atoi    0x100029c4       0x24 CMakeFiles/reflex_test.dir/C_/Program_Files/Raspberry_Pi/Pico_SDK_v1.5.1/pico-sdk/src/rp2_common/pico_printf/printf.c.obj
 .text._out_rev
                0x100029e8       0xae CMakeFiles/reflex_test.dir/C_/Program_Files/Raspberry_Pi/Pico_SDK_v1.5.1/pico-sdk/src/rp2_common/pico_printf/printf.c.obj
 .text._ntoa_format
                0x10002a96      0x112 CMakeFiles/reflex_test.dir/C_/Program_Files/Raspberry_Pi/Pico_SDK_v1.5.1/pico-sdk/src/rp2_common/pico_printf/printf.c.obj
 .text._ntoa_long
                0x10002ba8       0xbc CMakeFiles/reflex_test.dir/C_/Program_Files/Raspberry_Pi/Pico_SDK_v1.5.1/pico-sdk/src/rp2_common/pico_printf/printf.c.obj
 .text._ntoa_long_long
                0x10002c64       0xe2 CMakeFiles/reflex_test.dir/C_/Program_Files/Raspberry_Pi/Pico_SDK_v1.5.1/pico-sdk/src/rp2_common/pico_printf/printf.c.obj
 *fill*         0x10002d46        0x2 
 .text._etoa    0x10002d48      0x414 CMakeFiles/reflex_test.dir/C_/Program_Files/Raspberry_Pi/Pico_SDK_v1.5.1/pico-sdk/src/rp2_common/pico_printf/printf.c.obj
 .text._ftoa    0x1000315c      0x354 CMakeFiles/reflex_test.dir/C_/Program_Files/Raspberry_Pi/Pico_SDK_v1.5.1/pico-sdk/src/rp2_common/pico_printf/printf.c.obj
 .text._vsnprintf
                0x100034b0      0x624 CMakeFiles/reflex_test.dir/C_/Program_Files/Raspberry_Pi/Pico_SDK_v1.5.1/pico-sdk/src/rp2_common/pico_printf/printf.c.obj
 .text.vfctprintf
                0x10003ad4       0x20 CMakeFiles/reflex_test.dir/C_/Program_Files/Raspberry_Pi/Pico_SDK_v1.5.1/pico-sdk/src/rp2_common/pico_printf/printf.c.obj
                0x10003ad4                vfctprintf
 .text          0x10003af4       0x10 CMakeFiles/reflex_test.dir/C_/Program_Files/Raspberry_Pi/Pico_SDK_v1.5.1/pico-sdk/src/rp2_common/pico_bit_ops/bit_ops_aeabi.S.obj
 .text.rom_func_lookup
                0x10003b04       0x10 CMakeFiles/reflex_test.dir/C_/Program_Files/Raspberry_Pi/Pico_SDK_v1.5.1/pico-sdk/src/rp2_common/pico_bootrom/bootrom.c.obj
                0x10003b04                rom_func_lookup
 .text.rom_data_lookup
                0x10003b14       0x10 CMakeFiles/reflex_test.dir/C_/Program_Files/Raspberry_Pi/Pico_SDK_v1.5.1/pico-sdk/src/rp2_common/pico_bootrom/bootrom.c.obj
                0x10003b14                rom_data_lookup
 .text.rom_funcs_lookup
                0x10003b24       0x36 CMakeFiles/reflex_test.dir/C_/Program_Files/Raspberry_Pi/Pico_SDK_v1.5.1/pico-sdk/src/rp2_common/pico_bootrom/bootrom.c.obj
                0x10003b24                rom_funcs_lookup
 *fill*         0x10003b5a        0x2 
 .text.__wrap___aeabi_idiv
                0x10003b5c       0x50 CMakeFiles/reflex_test.dir/C_/Program_Files/Raspberry_Pi/Pico_SDK_v1.5.1/pico-sdk/src/rp2_common/pico_divider/divider.S.obj
                0x10003b5c                __wrap___aeabi_idivmod
                0x10003b5c                divmod_s32s32
                0x10003b5c                div_s32s32
                0x10003b5c                __wrap___aeabi_idiv
                0x10003b64                divmod_s32s32_unsafe
                0x10003b90                divmod_s32s32_savestate
 .text.__wrap___aeabi_uidiv
                0x10003bac       0x4c CMakeFiles/reflex_test.dir/C_/Program_Files/Raspberry_Pi/Pico_SDK_v1.5.1/pico-sdk/src/rp2_common/pico_divider/divider.S.obj
                0x10003bac                __wrap___aeabi_uidiv
                0x10003bac                __wrap___aeabi_uidivmod
                0x10003bac                div_u32u32
                0x10003bac                divmod_u32u32
                0x10003bb4                divmod_u32u32_unsafe
                0x10003bdc                divmod_u32u32_savestate
 .text.__wrap___aeabi_ldiv
                0x10003bf8      0x424 CMakeFiles/reflex_test.dir/C_/Program_Files/Raspberry_Pi/Pico_SDK_v1.5.1/pico-sdk/src/rp2_common/pico_divider/divider.S.obj
                0x10003bf8                div_s64s64
                0x10003bf8                divmod_s64s64
                0x10003bf8                __wrap___aeabi_ldivmod
                0x10003c28                divmod_u64u64
                0x10003c28                div_u64u64
                0x10003c28                __wrap___aeabi_uldivmod
                0x10003c38                divmod_u64u64_savestate
                0x10003c58                divmod_s64s64_unsafe
                0x10003ce0                divmod_u64u64_unsafe
 .text.__wrap___aeabi_darithmetic
                0x1000401c       0x80 CMakeFiles/reflex_test.dir/C_/Program_Files/Raspberry_Pi/Pico_SDK_v1.5.1/pico-sdk/src/rp2_common/pico_double/double_aeabi.S.obj
                0x1000401c                __wrap___aeabi_drsub
                0x10004022                __wrap___aeabi_dsub
                0x10004034                __wrap___aeabi_dadd
                0x10004046                __wrap___aeabi_ddiv
                0x10004082                __wrap___aeabi_dmul
 .text.__wrap___aeabi_cdcmple
                0x1000409c       0x6c CMakeFiles/reflex_test.dir/C_/Program_Files/Raspberry_Pi/Pico_SDK_v1.5.1/pico-sdk/src/rp2_common/pico_double/double_aeabi.S.obj
                0x1000409c                __wrap___aeabi_cdrcmple
                0x100040ac                __wrap___aeabi_cdcmpeq
                0x100040ac                __wrap___aeabi_cdcmple
 .text.__wrap___aeabi_dcmplt
                0x10004108        0xc CMakeFiles/reflex_test.dir/C_/Program_Files/Raspberry_Pi/Pico_SDK_v1.5.1/pico-sdk/src/rp2_common/pico_double/double_aeabi.S.obj
                0x10004108                __wrap___aeabi_dcmplt
 .text.__wrap___aeabi_dcmple
                0x10004114       0x10 CMakeFiles/reflex_test.dir/C_/Program_Files/Raspberry_Pi/Pico_SDK_v1.5.1/pico-sdk/src/rp2_common/pico_double/double_aeabi.S.obj
                0x10004114                __wrap___aeabi_dcmple
 .text.__wrap___aeabi_dcmpge
                0x10004124       0x10 CMakeFiles/reflex_test.dir/C_/Program_Files/Raspberry_Pi/Pico_SDK_v1.5.1/pico-sdk/src/rp2_common/pico_double/double_aeabi.S.obj
                0x10004124                __wrap___aeabi_dcmpge
 .text.__wrap___aeabi_dcmpgt
                0x10004134        0xa CMakeFiles/reflex_test.dir/C_/Program_Files/Raspberry_Pi/Pico_SDK_v1.5.1/pico-sdk/src/rp2_common/pico_double/double_aeabi.S.obj
                0x10004134                __wrap___aeabi_dcmpgt
 .text.__wrap___aeabi_dcmpun
                0x1000413e       0x1c CMakeFiles/reflex_test.dir/C_/Program_Files/Raspberry_Pi/Pico_SDK_v1.5.1/pico-sdk/src/rp2_common/pico_double/double_aeabi.S.obj
                0x1000413e                __wrap___aeabi_dcmpun
 *fill*         0x1000415a        0x2 
 .text.__wrap___aeabi_i2d
                0x1000415c       0x38 CMakeFiles/reflex_test.dir/C_/Program_Files/Raspberry_Pi/Pico_SDK_v1.5.1/pico-sdk/src/rp2_common/pico_double/double_aeabi.S.obj
                0x1000415c                __wrap___aeabi_ui2d
                0x10004164                __wrap___aeabi_i2d
 .text.__wrap___aeabi_d2iz
                0x10004194       0x48 CMakeFiles/reflex_test.dir/C_/Program_Files/Raspberry_Pi/Pico_SDK_v1.5.1/pico-sdk/src/rp2_common/pico_double/double_aeabi.S.obj
                0x10004194                double2int_z
                0x10004194                __wrap___aeabi_d2iz
 .text.__wrap___aeabi_d2uiz
                0x100041dc       0x18 CMakeFiles/reflex_test.dir/C_/Program_Files/Raspberry_Pi/Pico_SDK_v1.5.1/pico-sdk/src/rp2_common/pico_double/double_aeabi.S.obj
                0x100041dc                __wrap___aeabi_d2uiz
                0x100041dc                double2uint
 .text.__aeabi_double_init
                0x100041f4       0xc8 CMakeFiles/reflex_test.dir/C_/Program_Files/Raspberry_Pi/Pico_SDK_v1.5.1/pico-sdk/src/rp2_common/pico_double/double_init_rom.c.obj
                0x100041f4                __aeabi_double_init
 .text.double_table_shim_on_use_helper
                0x100042bc       0x34 CMakeFiles/reflex_test.dir/C_/Program_Files/Raspberry_Pi/Pico_SDK_v1.5.1/pico-sdk/src/rp2_common/pico_double/double_v1_rom_shim.S.obj
                0x100042bc                double_table_shim_on_use_helper
 .text.__wrap___aeabi_dsub
                0x100042f0       0x10 CMakeFiles/reflex_test.dir/C_/Program_Files/Raspberry_Pi/Pico_SDK_v1.5.1/pico-sdk/src/rp2_common/pico_double/double_v1_rom_shim.S.obj
                0x100042f0                drsub_shim
                0x100042f6                dsub_shim
 .text.dadd_shim
                0x10004300      0x15c CMakeFiles/reflex_test.dir/C_/Program_Files/Raspberry_Pi/Pico_SDK_v1.5.1/pico-sdk/src/rp2_common/pico_double/double_v1_rom_shim.S.obj
                0x10004300                dadd_shim
 .text.dmul_shim
                0x1000445c      0x15c CMakeFiles/reflex_test.dir/C_/Program_Files/Raspberry_Pi/Pico_SDK_v1.5.1/pico-sdk/src/rp2_common/pico_double/double_v1_rom_shim.S.obj
                0x1000445c                dmul_shim
 .text.ddiv_shim
                0x100045b8      0x1b0 CMakeFiles/reflex_test.dir/C_/Program_Files/Raspberry_Pi/Pico_SDK_v1.5.1/pico-sdk/src/rp2_common/pico_double/double_v1_rom_shim.S.obj
                0x100045b8                ddiv_shim
 .text.double2uint_shim
                0x10004768        0xe CMakeFiles/reflex_test.dir/C_/Program_Files/Raspberry_Pi/Pico_SDK_v1.5.1/pico-sdk/src/rp2_common/pico_double/double_v1_rom_shim.S.obj
                0x10004768                double2uint_shim
                0x1000476a                double2ufix_shim
 *fill*         0x10004776        0x2 
 .text.double2uint64_shim
                0x10004778       0x70 CMakeFiles/reflex_test.dir/C_/Program_Files/Raspberry_Pi/Pico_SDK_v1.5.1/pico-sdk/src/rp2_common/pico_double/double_v1_rom_shim.S.obj
                0x10004778                double2uint64_shim
                0x1000477a                double2ufix64_shim
                0x1000479a                d2fix_a
 .text.dunpacks
                0x100047e8       0x3c CMakeFiles/reflex_test.dir/C_/Program_Files/Raspberry_Pi/Pico_SDK_v1.5.1/pico-sdk/src/rp2_common/pico_double/double_v1_rom_shim.S.obj
                0x100047e8                dunpacks
 .text.__aeabi_lmul
                0x10004824       0x32 CMakeFiles/reflex_test.dir/C_/Program_Files/Raspberry_Pi/Pico_SDK_v1.5.1/pico-sdk/src/rp2_common/pico_int64_ops/pico_int64_ops_aeabi.S.obj
                0x10004824                __wrap___aeabi_lmul
 *fill*         0x10004856        0x2 
 .text.__aeabi_float_init
                0x10004858       0xfc CMakeFiles/reflex_test.dir/C_/Program_Files/Raspberry_Pi/Pico_SDK_v1.5.1/pico-sdk/src/rp2_common/pico_float/float_init_rom.c.obj
                0x10004858                __aeabi_float_init
 .text.float_table_shim_on_use_helper
                0x10004954       0x34 CMakeFiles/reflex_test.dir/C_/Program_Files/Raspberry_Pi/Pico_SDK_v1.5.1/pico-sdk/src/rp2_common/pico_float/float_v1_rom_shim.S.obj
                0x10004954                float_table_shim_on_use_helper
 .text          0x10004988       0x10 CMakeFiles/reflex_test.dir/C_/Program_Files/Raspberry_Pi/Pico_SDK_v1.5.1/pico-sdk/src/rp2_common/pico_mem_ops/mem_ops_aeabi.S.obj
                0x10004988                __aeabi_mem_init
 .text.memset   0x10004998        0xc CMakeFiles/reflex_test.dir/C_/Program_Files/Raspberry_Pi/Pico_SDK_v1.5.1/pico-sdk/src/rp2_common/pico_mem_ops/mem_ops_aeabi.S.obj
                0x10004998                __wrap_memset
 .text.memcpy   0x100049a4        0xc CMakeFiles/reflex_test.dir/C_/Program_Files/Raspberry_Pi/Pico_SDK_v1.5.1/pico-sdk/src/rp2_common/pico_mem_ops/mem_ops_aeabi.S.obj
                0x100049a4                __wrap_memcpy
                0x100049a4                __wrap___aeabi_memcpy
 .text.stdio_out_chars_no_crlf
                0x100049b0        0xe CMakeFiles/reflex_test.dir/C_/Program_Files/Raspberry_Pi/Pico_SDK_v1.5.1/pico-sdk/src/rp2_common/pico_stdio/stdio.c.obj
 *fill*         0x100049be        0x2 
 .text.stdio_out_chars_crlf
                0x100049c0       0x80 CMakeFiles/reflex_test.dir/C_/Program_Files/Raspberry_Pi/Pico_SDK_v1.5.1/pico-sdk/src/rp2_common/pico_stdio/stdio.c.obj
 .text.stdio_stack_buffer_flush
                0x10004a40       0x44 CMakeFiles/reflex_test.dir/C_/Program_Files/Raspberry_Pi/Pico_SDK_v1.5.1/pico-sdk/src/rp2_common/pico_stdio/stdio.c.obj
 .text.stdio_buffered_printer
                0x10004a84       0x20 CMakeFiles/reflex_test.dir/C_/Program_Files/Raspberry_Pi/Pico_SDK_v1.5.1/pico-sdk/src/rp2_common/pico_stdio/stdio.c.obj
 .text.stdout_serialize_begin
                0x10004aa4       0x5c CMakeFiles/reflex_test.dir/C_/Program_Files/Raspberry_Pi/Pico_SDK_v1.5.1/pico-sdk/src/rp2_common/pico_stdio/stdio.c.obj
                0x10004aa4                stdout_serialize_begin
 .text.stdout_serialize_end
                0x10004b00       0x10 CMakeFiles/reflex_test.dir/C_/Program_Files/Raspberry_Pi/Pico_SDK_v1.5.1/pico-sdk/src/rp2_common/pico_stdio/stdio.c.obj
                0x10004b00                stdout_serialize_end
 .text.stdio_put_string
                0x10004b10       0x98 CMakeFiles/reflex_test.dir/C_/Program_Files/Raspberry_Pi/Pico_SDK_v1.5.1/pico-sdk/src/rp2_common/pico_stdio/stdio.c.obj
 .text.stdio_set_driver_enabled
                0x10004ba8       0x2c CMakeFiles/reflex_test.dir/C_/Program_Files/Raspberry_Pi/Pico_SDK_v1.5.1/pico-sdk/src/rp2_common/pico_stdio/stdio.c.obj
                0x10004ba8                stdio_set_driver_enabled
 .text.stdio_flush
                0x10004bd4       0x20 CMakeFiles/reflex_test.dir/C_/Program_Files/Raspberry_Pi/Pico_SDK_v1.5.1/pico-sdk/src/rp2_common/pico_stdio/stdio.c.obj
                0x10004bd4                stdio_flush
 .text.__wrap_puts
                0x10004bf4       0x1e CMakeFiles/reflex_test.dir/C_/Program_Files/Raspberry_Pi/Pico_SDK_v1.5.1/pico-sdk/src/rp2_common/pico_stdio/stdio.c.obj
                0x10004bf4                __wrap_puts
 *fill*         0x10004c12        0x2 
 .text.__wrap_vprintf
                0x10004c14       0x40 CMakeFiles/reflex_test.dir/C_/Program_Files/Raspberry_Pi/Pico_SDK_v1.5.1/pico-sdk/src/rp2_common/pico_stdio/stdio.c.obj
                0x10004c14                __wrap_vprintf
 .text.__wrap_printf
                0x10004c54       0x18 CMakeFiles/reflex_test.dir/C_/Program_Files/Raspberry_Pi/Pico_SDK_v1.5.1/pico-sdk/src/rp2_common/pico_stdio/stdio.c.obj
                0x10004c54                __wrap_printf
 .text.stdio_init_all
                0x10004c6c        0x8 CMakeFiles/reflex_test.dir/C_/Program_Files/Raspberry_Pi/Pico_SDK_v1.5.1/pico-sdk/src/rp2_common/pico_stdio/stdio.c.obj
                0x10004c6c                stdio_init_all
 .text.resetd_init
                0x10004c74        0x2 CMakeFiles/reflex_test.dir/C_/Program_Files/Raspberry_Pi/Pico_SDK_v1.5.1/pico-sdk/src/rp2_common/pico_stdio_usb/reset_interface.c.obj
 *fill*         0x10004c76        0x2 
 .text.resetd_reset
                0x10004c78        0xc CMakeFiles/reflex_test.dir/C_/Program_Files/Raspberry_Pi/Pico_SDK_v1.5.1/pico-sdk/src/rp2_common/pico_stdio_usb/reset_interface.c.obj
 .text.resetd_open
                0x10004c84       0x34 CMakeFiles/reflex_test.dir/C_/Program_Files/Raspberry_Pi/Pico_SDK_v1.5.1/pico-sdk/src/rp2_common/pico_stdio_usb/reset_interface.c.obj
 .text.resetd_xfer_cb
                0x10004cb8        0x4 CMakeFiles/reflex_test.dir/C_/Program_Files/Raspberry_Pi/Pico_SDK_v1.5.1/pico-sdk/src/rp2_common/pico_stdio_usb/reset_interface.c.obj
 .text.reset_usb_boot
                0x10004cbc       0x18 CMakeFiles/reflex_test.dir/C_/Program_Files/Raspberry_Pi/Pico_SDK_v1.5.1/pico-sdk/src/rp2_common/pico_stdio_usb/reset_interface.c.obj
 .text.resetd_control_xfer_cb
                0x10004cd4       0x5c CMakeFiles/reflex_test.dir/C_/Program_Files/Raspberry_Pi/Pico_SDK_v1.5.1/pico-sdk/src/rp2_common/pico_stdio_usb/reset_interface.c.obj
 .text.usbd_app_driver_get_cb
                0x10004d30        0xc CMakeFiles/reflex_test.dir/C_/Program_Files/Raspberry_Pi/Pico_SDK_v1.5.1/pico-sdk/src/rp2_common/pico_stdio_usb/reset_interface.c.obj
                0x10004d30                usbd_app_driver_get_cb
 .text.tud_cdc_line_coding_cb
                0x10004d3c       0x28 CMakeFiles/reflex_test.dir/C_/Program_Files/Raspberry_Pi/Pico_SDK_v1.5.1/pico-sdk/src/rp2_common/pico_stdio_usb/reset_interface.c.obj
                0x10004d3c                tud_cdc_line_coding_cb
 .text.stdio_usb_set_chars_available_callback
                0x10004d64       0x14 CMakeFiles/reflex_test.dir/C_/Program_Files/Raspberry_Pi/Pico_SDK_v1.5.1/pico-sdk/src/rp2_common/pico_stdio_usb/stdio_usb.c.obj
                0x10004d64                stdio_usb_set_chars_available_callback
 .text.usb_irq  0x10004d78       0x10 CMakeFiles/reflex_test.dir/C_/Program_Files/Raspberry_Pi/Pico_SDK_v1.5.1/pico-sdk/src/rp2_common/pico_stdio_usb/stdio_usb.c.obj
 .text.timer_task
                0x10004d88       0x5c CMakeFiles/reflex_test.dir/C_/Program_Files/Raspberry_Pi/Pico_SDK_v1.5.1/pico-sdk/src/rp2_common/pico_stdio_usb/stdio_usb.c.obj
 .text.low_priority_worker_irq
                0x10004de4       0xdc CMakeFiles/reflex_test.dir/C_/Program_Files/Raspberry_Pi/Pico_SDK_v1.5.1/pico-sdk/src/rp2_common/pico_stdio_usb/stdio_usb.c.obj
 .text.tud_cdc_rx_cb
                0x10004ec0       0x20 CMakeFiles/reflex_test.dir/C_/Program_Files/Raspberry_Pi/Pico_SDK_v1.5.1/pico-sdk/src/rp2_common/pico_stdio_usb/stdio_usb.c.obj
                0x10004ec0                tud_cdc_rx_cb
 .text.stdio_usb_init
                0x10004ee0      0x11c CMakeFiles/reflex_test.dir/C_/Program_Files/Raspberry_Pi/Pico_SDK_v1.5.1/pico-sdk/src/rp2_common/pico_stdio_usb/stdio_usb.c.obj
                0x10004ee0                stdio_usb_init
 .text.stdio_usb_connected
                0x10004ffc        0xa CMakeFiles/reflex_test.dir/C_/Program_Files/Raspberry_Pi/Pico_SDK_v1.5.1/pico-sdk/src/rp2_common/pico_stdio_usb/stdio_usb.c.obj
                0x10004ffc                stdio_usb_connected
 *fill*         0x10005006        0x2 
 .text.stdio_usb_in_chars
                0x10005008       0xc4 CMakeFiles/reflex_test.dir/C_/Program_Files/Raspberry_Pi/Pico_SDK_v1.5.1/pico-sdk/src/rp2_common/pico_stdio_usb/stdio_usb.c.obj
                0x10005008                stdio_usb_in_chars
 .text.stdio_usb_out_chars
                0x100050cc      0x114 CMakeFiles/reflex_test.dir/C_/Program_Files/Raspberry_Pi/Pico_SDK_v1.5.1/pico-sdk/src/rp2_common/pico_stdio_usb/stdio_usb.c.obj
 .text.tud_descriptor_device_cb
                0x100051e0        0x8 CMakeFiles/reflex_test.dir/C_/Program_Files/Raspberry_Pi/Pico_SDK_v1.5.1/pico-sdk/src/rp2_common/pico_stdio_usb/stdio_usb_descriptors.c.obj
                0x100051e0                tud_descriptor_device_cb
 .text.tud_descriptor_configuration_cb
                0x100051e8        0x8 CMakeFiles/reflex_test.dir/C_/Program_Files/Raspberry_Pi/Pico_SDK_v1.5.1/pico-sdk/src/rp2_common/pico_stdio_usb/stdio_usb_descriptors.c.obj
                0x100051e8                tud_descriptor_configuration_cb
 .text.tud_descriptor_string_cb
                0x100051f0       0x6c CMakeFiles/reflex_test.dir/C_/Program_Files/Raspberry_Pi/Pico_SDK_v1.5.1/pico-sdk/src/rp2_common/pico_stdio_usb/stdio_usb_descriptors.c.obj
                0x100051f0                tud_descriptor_string_cb
 .text._retrieve_unique_id_on_boot
                0x1000525c       0x10 CMakeFiles/reflex_test.dir/C_/Program_Files/Raspberry_Pi/Pico_SDK_v1.5.1/pico-sdk/src/rp2_common/pico_unique_id/unique_id.c.obj
 .text.pico_get_unique_board_id_string
                0x1000526c       0x60 CMakeFiles/reflex_test.dir/C_/Program_Files/Raspberry_Pi/Pico_SDK_v1.5.1/pico-sdk/src/rp2_common/pico_unique_id/unique_id.c.obj
                0x1000526c                pico_get_unique_board_id_string
 .text.flash_get_unique_id
                0x100052cc       0x46 CMakeFiles/reflex_test.dir/C_/Program_Files/Raspberry_Pi/Pico_SDK_v1.5.1/pico-sdk/src/rp2_common/hardware_flash/flash.c.obj
                0x100052cc                flash_get_unique_id
 *fill*         0x10005312        0x2 
 .text.hw_endpoint_get_by_addr
                0x10005314       0x18 CMakeFiles/reflex_test.dir/C_/Program_Files/Raspberry_Pi/Pico_SDK_v1.5.1/pico-sdk/lib/tinyusb/src/portable/raspberrypi/rp2040/dcd_rp2040.c.obj
 .text._hw_endpoint_alloc
                0x1000532c       0x70 CMakeFiles/reflex_test.dir/C_/Program_Files/Raspberry_Pi/Pico_SDK_v1.5.1/pico-sdk/lib/tinyusb/src/portable/raspberrypi/rp2040/dcd_rp2040.c.obj
 .text.hw_endpoint_init
                0x1000539c       0x88 CMakeFiles/reflex_test.dir/C_/Program_Files/Raspberry_Pi/Pico_SDK_v1.5.1/pico-sdk/lib/tinyusb/src/portable/raspberrypi/rp2040/dcd_rp2040.c.obj
 .text.hw_endpoint_xfer
                0x10005424       0x14 CMakeFiles/reflex_test.dir/C_/Program_Files/Raspberry_Pi/Pico_SDK_v1.5.1/pico-sdk/lib/tinyusb/src/portable/raspberrypi/rp2040/dcd_rp2040.c.obj
 .text.dcd_int_enable
                0x10005438       0x2c CMakeFiles/reflex_test.dir/C_/Program_Files/Raspberry_Pi/Pico_SDK_v1.5.1/pico-sdk/lib/tinyusb/src/portable/raspberrypi/rp2040/dcd_rp2040.c.obj
                0x10005438                dcd_int_enable
 .text.dcd_set_address
                0x10005464       0x2c CMakeFiles/reflex_test.dir/C_/Program_Files/Raspberry_Pi/Pico_SDK_v1.5.1/pico-sdk/lib/tinyusb/src/portable/raspberrypi/rp2040/dcd_rp2040.c.obj
                0x10005464                dcd_set_address
 .text.dcd_connect
                0x10005490       0x10 CMakeFiles/reflex_test.dir/C_/Program_Files/Raspberry_Pi/Pico_SDK_v1.5.1/pico-sdk/lib/tinyusb/src/portable/raspberrypi/rp2040/dcd_rp2040.c.obj
                0x10005490                dcd_connect
 .text.dcd_init
                0x100054a0       0x80 CMakeFiles/reflex_test.dir/C_/Program_Files/Raspberry_Pi/Pico_SDK_v1.5.1/pico-sdk/lib/tinyusb/src/portable/raspberrypi/rp2040/dcd_rp2040.c.obj
                0x100054a0                dcd_init
 .text.dcd_edpt0_status_complete
                0x10005520       0x1c CMakeFiles/reflex_test.dir/C_/Program_Files/Raspberry_Pi/Pico_SDK_v1.5.1/pico-sdk/lib/tinyusb/src/portable/raspberrypi/rp2040/dcd_rp2040.c.obj
                0x10005520                dcd_edpt0_status_complete
 .text.dcd_edpt_open
                0x1000553c       0x40 CMakeFiles/reflex_test.dir/C_/Program_Files/Raspberry_Pi/Pico_SDK_v1.5.1/pico-sdk/lib/tinyusb/src/portable/raspberrypi/rp2040/dcd_rp2040.c.obj
                0x1000553c                dcd_edpt_open
 .text.dcd_edpt_close_all
                0x1000557c        0x8 CMakeFiles/reflex_test.dir/C_/Program_Files/Raspberry_Pi/Pico_SDK_v1.5.1/pico-sdk/lib/tinyusb/src/portable/raspberrypi/rp2040/dcd_rp2040.c.obj
                0x1000557c                dcd_edpt_close_all
 .text.dcd_edpt_xfer
                0x10005584       0x34 CMakeFiles/reflex_test.dir/C_/Program_Files/Raspberry_Pi/Pico_SDK_v1.5.1/pico-sdk/lib/tinyusb/src/portable/raspberrypi/rp2040/dcd_rp2040.c.obj
                0x10005584                dcd_edpt_xfer
 .text.dcd_edpt_stall
                0x100055b8       0x2c CMakeFiles/reflex_test.dir/C_/Program_Files/Raspberry_Pi/Pico_SDK_v1.5.1/pico-sdk/lib/tinyusb/src/portable/raspberrypi/rp2040/dcd_rp2040.c.obj
                0x100055b8                dcd_edpt_stall
 .text.dcd_edpt_clear_stall
                0x100055e4       0x20 CMakeFiles/reflex_test.dir/C_/Program_Files/Raspberry_Pi/Pico_SDK_v1.5.1/pico-sdk/lib/tinyusb/src/portable/raspberrypi/rp2040/dcd_rp2040.c.obj
                0x100055e4                dcd_edpt_clear_stall
 .text.rp2040_usb_init
                0x10005604       0x4c CMakeFiles/reflex_test.dir/C_/Program_Files/Raspberry_Pi/Pico_SDK_v1.5.1/pico-sdk/lib/tinyusb/src/portable/raspberrypi/rp2040/rp2040_usb.c.obj
                0x10005604                rp2040_usb_init
 .text.hw_endpoint_xfer_start
                0x10005650       0x50 CMakeFiles/reflex_test.dir/C_/Program_Files/Raspberry_Pi/Pico_SDK_v1.5.1/pico-sdk/lib/tinyusb/src/portable/raspberrypi/rp2040/rp2040_usb.c.obj
                0x10005650                hw_endpoint_xfer_start
 .text.configuration_reset
                0x100056a0       0x84 CMakeFiles/reflex_test.dir/C_/Program_Files/Raspberry_Pi/Pico_SDK_v1.5.1/pico-sdk/lib/tinyusb/src/device/usbd.c.obj
 .text.usbd_reset
                0x10005724        0xc CMakeFiles/reflex_test.dir/C_/Program_Files/Raspberry_Pi/Pico_SDK_v1.5.1/pico-sdk/lib/tinyusb/src/device/usbd.c.obj
 .text.invoke_class_control
                0x10005730       0x1a CMakeFiles/reflex_test.dir/C_/Program_Files/Raspberry_Pi/Pico_SDK_v1.5.1/pico-sdk/lib/tinyusb/src/device/usbd.c.obj
 *fill*         0x1000574a        0x2 
 .text.process_set_config
                0x1000574c      0x178 CMakeFiles/reflex_test.dir/C_/Program_Files/Raspberry_Pi/Pico_SDK_v1.5.1/pico-sdk/lib/tinyusb/src/device/usbd.c.obj
 .text.process_get_descriptor
                0x100058c4       0xdc CMakeFiles/reflex_test.dir/C_/Program_Files/Raspberry_Pi/Pico_SDK_v1.5.1/pico-sdk/lib/tinyusb/src/device/usbd.c.obj
 .text.tud_mounted
                0x100059a0       0x10 CMakeFiles/reflex_test.dir/C_/Program_Files/Raspberry_Pi/Pico_SDK_v1.5.1/pico-sdk/lib/tinyusb/src/device/usbd.c.obj
                0x100059a0                tud_mounted
 .text.tud_suspended
                0x100059b0       0x10 CMakeFiles/reflex_test.dir/C_/Program_Files/Raspberry_Pi/Pico_SDK_v1.5.1/pico-sdk/lib/tinyusb/src/device/usbd.c.obj
                0x100059b0                tud_suspended
 .text.tud_inited
                0x100059c0       0x14 CMakeFiles/reflex_test.dir/C_/Program_Files/Raspberry_Pi/Pico_SDK_v1.5.1/pico-sdk/lib/tinyusb/src/device/usbd.c.obj
                0x100059c0                tud_inited
 .text.tud_init
                0x100059d4       0xcc CMakeFiles/reflex_test.dir/C_/Program_Files/Raspberry_Pi/Pico_SDK_v1.5.1/pico-sdk/lib/tinyusb/src/device/usbd.c.obj
                0x100059d4                tud_init
 .text.usbd_defer_func
                0x10005aa0       0x2a CMakeFiles/reflex_test.dir/C_/Program_Files/Raspberry_Pi/Pico_SDK_v1.5.1/pico-sdk/lib/tinyusb/src/device/usbd.c.obj
                0x10005aa0                usbd_defer_func
 *fill*         0x10005aca        0x2 
 .text.usbd_edpt_open
                0x10005acc       0x34 CMakeFiles/reflex_test.dir/C_/Program_Files/Raspberry_Pi/Pico_SDK_v1.5.1/pico-sdk/lib/tinyusb/src/device/usbd.c.obj
                0x10005acc                usbd_edpt_open
 .text.usbd_open_edpt_pair
                0x10005b00       0x62 CMakeFiles/reflex_test.dir/C_/Program_Files/Raspberry_Pi/Pico_SDK_v1.5.1/pico-sdk/lib/tinyusb/src/device/usbd.c.obj
                0x10005b00                usbd_open_edpt_pair
 *fill*         0x10005b62        0x2 
 .text.usbd_edpt_claim
                0x10005b64       0x28 CMakeFiles/reflex_test.dir/C_/Program_Files/Raspberry_Pi/Pico_SDK_v1.5.1/pico-sdk/lib/tinyusb/src/device/usbd.c.obj
                0x10005b64                usbd_edpt_claim
 .text.usbd_edpt_release
                0x10005b8c       0x28 CMakeFiles/reflex_test.dir/C_/Program_Files/Raspberry_Pi/Pico_SDK_v1.5.1/pico-sdk/lib/tinyusb/src/device/usbd.c.obj
                0x10005b8c                usbd_edpt_release
 .text.usbd_edpt_xfer
                0x10005bb4       0x78 CMakeFiles/reflex_test.dir/C_/Program_Files/Raspberry_Pi/Pico_SDK_v1.5.1/pico-sdk/lib/tinyusb/src/device/usbd.c.obj
                0x10005bb4                usbd_edpt_xfer
 .text.usbd_edpt_stall
                0x10005c2c       0x48 CMakeFiles/reflex_test.dir/C_/Program_Files/Raspberry_Pi/Pico_SDK_v1.5.1/pico-sdk/lib/tinyusb/src/device/usbd.c.obj
                0x10005c2c                usbd_edpt_stall
 .text.usbd_edpt_clear_stall
                0x10005c74       0x48 CMakeFiles/reflex_test.dir/C_/Program_Files/Raspberry_Pi/Pico_SDK_v1.5.1/pico-sdk/lib/tinyusb/src/device/usbd.c.obj
                0x10005c74                usbd_edpt_clear_stall
 .text.usbd_edpt_stalled
                0x10005cbc       0x1c CMakeFiles/reflex_test.dir/C_/Program_Files/Raspberry_Pi/Pico_SDK_v1.5.1/pico-sdk/lib/tinyusb/src/device/usbd.c.obj
                0x10005cbc                usbd_edpt_stalled
 .text.process_control_request
                0x10005cd8      0x37c CMakeFiles/reflex_test.dir/C_/Program_Files/Raspberry_Pi/Pico_SDK_v1.5.1/pico-sdk/lib/tinyusb/src/device/usbd.c.obj
 .text.tud_task_ext
                0x10006054      0x1b8 CMakeFiles/reflex_test.dir/C_/Program_Files/Raspberry_Pi/Pico_SDK_v1.5.1/pico-sdk/lib/tinyusb/src/device/usbd.c.obj
                0x10006054                tud_task_ext
 .text._data_stage_xact
                0x1000620c       0x58 CMakeFiles/reflex_test.dir/C_/Program_Files/Raspberry_Pi/Pico_SDK_v1.5.1/pico-sdk/lib/tinyusb/src/device/usbd_control.c.obj
 .text.tud_control_status
                0x10006264       0x38 CMakeFiles/reflex_test.dir/C_/Program_Files/Raspberry_Pi/Pico_SDK_v1.5.1/pico-sdk/lib/tinyusb/src/device/usbd_control.c.obj
                0x10006264                tud_control_status
 .text.tud_control_xfer
                0x1000629c       0x74 CMakeFiles/reflex_test.dir/C_/Program_Files/Raspberry_Pi/Pico_SDK_v1.5.1/pico-sdk/lib/tinyusb/src/device/usbd_control.c.obj
                0x1000629c                tud_control_xfer
 .text.usbd_control_reset
                0x10006310       0x14 CMakeFiles/reflex_test.dir/C_/Program_Files/Raspberry_Pi/Pico_SDK_v1.5.1/pico-sdk/lib/tinyusb/src/device/usbd_control.c.obj
                0x10006310                usbd_control_reset
 .text.usbd_control_set_complete_callback
                0x10006324        0xc CMakeFiles/reflex_test.dir/C_/Program_Files/Raspberry_Pi/Pico_SDK_v1.5.1/pico-sdk/lib/tinyusb/src/device/usbd_control.c.obj
                0x10006324                usbd_control_set_complete_callback
 .text.usbd_control_set_request
                0x10006330       0x1c CMakeFiles/reflex_test.dir/C_/Program_Files/Raspberry_Pi/Pico_SDK_v1.5.1/pico-sdk/lib/tinyusb/src/device/usbd_control.c.obj
                0x10006330                usbd_control_set_request
 .text.usbd_control_xfer_cb
                0x1000634c       0xcc CMakeFiles/reflex_test.dir/C_/Program_Files/Raspberry_Pi/Pico_SDK_v1.5.1/pico-sdk/lib/tinyusb/src/device/usbd_control.c.obj
                0x1000634c                usbd_control_xfer_cb
 .text._prep_out_transaction
                0x10006418       0x4a CMakeFiles/reflex_test.dir/C_/Program_Files/Raspberry_Pi/Pico_SDK_v1.5.1/pico-sdk/lib/tinyusb/src/class/cdc/cdc_device.c.obj
 *fill*         0x10006462        0x2 
 .text.tud_cdc_n_connected
                0x10006464       0x44 CMakeFiles/reflex_test.dir/C_/Program_Files/Raspberry_Pi/Pico_SDK_v1.5.1/pico-sdk/lib/tinyusb/src/class/cdc/cdc_device.c.obj
                0x10006464                tud_cdc_n_connected
 .text.tud_cdc_n_available
                0x100064a8       0x18 CMakeFiles/reflex_test.dir/C_/Program_Files/Raspberry_Pi/Pico_SDK_v1.5.1/pico-sdk/lib/tinyusb/src/class/cdc/cdc_device.c.obj
                0x100064a8                tud_cdc_n_available
 .text.tud_cdc_n_read
                0x100064c0       0x28 CMakeFiles/reflex_test.dir/C_/Program_Files/Raspberry_Pi/Pico_SDK_v1.5.1/pico-sdk/lib/tinyusb/src/class/cdc/cdc_device.c.obj
                0x100064c0                tud_cdc_n_read
 .text.tud_cdc_n_write_flush
                0x100064e8       0xb8 CMakeFiles/reflex_test.dir/C_/Program_Files/Raspberry_Pi/Pico_SDK_v1.5.1/pico-sdk/lib/tinyusb/src/class/cdc/cdc_device.c.obj
                0x100064e8                tud_cdc_n_write_flush
 .text.tud_cdc_n_write
                0x100065a0       0x38 CMakeFiles/reflex_test.dir/C_/Program_Files/Raspberry_Pi/Pico_SDK_v1.5.1/pico-sdk/lib/tinyusb/src/class/cdc/cdc_device.c.obj
                0x100065a0                tud_cdc_n_write
 .text.tud_cdc_n_write_available
                0x100065d8       0x1c CMakeFiles/reflex_test.dir/C_/Program_Files/Raspberry_Pi/Pico_SDK_v1.5.1/pico-sdk/lib/tinyusb/src/class/cdc/cdc_device.c.obj
                0x100065d8                tud_cdc_n_write_available
 .text.cdcd_init
                0x100065f4       0xbc CMakeFiles/reflex_test.dir/C_/Program_Files/Raspberry_Pi/Pico_SDK_v1.5.1/pico-sdk/lib/tinyusb/src/class/cdc/cdc_device.c.obj
                0x100065f4                cdcd_init
 .text.cdcd_reset
                0x100066b0       0x44 CMakeFiles/reflex_test.dir/C_/Program_Files/Raspberry_Pi/Pico_SDK_v1.5.1/pico-sdk/lib/tinyusb/src/class/cdc/cdc_device.c.obj
                0x100066b0                cdcd_reset
 .text.cdcd_open
                0x100066f4       0xcc CMakeFiles/reflex_test.dir/C_/Program_Files/Raspberry_Pi/Pico_SDK_v1.5.1/pico-sdk/lib/tinyusb/src/class/cdc/cdc_device.c.obj
                0x100066f4                cdcd_open
 .text.cdcd_control_xfer_cb
                0x100067c0      0x134 CMakeFiles/reflex_test.dir/C_/Program_Files/Raspberry_Pi/Pico_SDK_v1.5.1/pico-sdk/lib/tinyusb/src/class/cdc/cdc_device.c.obj
                0x100067c0                cdcd_control_xfer_cb
 .text.cdcd_xfer_cb
                0x100068f4      0x130 CMakeFiles/reflex_test.dir/C_/Program_Files/Raspberry_Pi/Pico_SDK_v1.5.1/pico-sdk/lib/tinyusb/src/class/cdc/cdc_device.c.obj
                0x100068f4                cdcd_xfer_cb
 .text.tusb_init
                0x10006a24        0xa CMakeFiles/reflex_test.dir/C_/Program_Files/Raspberry_Pi/Pico_SDK_v1.5.1/pico-sdk/lib/tinyusb/src/tusb.c.obj
                0x10006a24                tusb_init
 .text.tusb_inited
                0x10006a2e        0xe CMakeFiles/reflex_test.dir/C_/Program_Files/Raspberry_Pi/Pico_SDK_v1.5.1/pico-sdk/lib/tinyusb/src/tusb.c.obj
                0x10006a2e                tusb_inited
 .text.tu_edpt_claim
                0x10006a3c       0x50 CMakeFiles/reflex_test.dir/C_/Program_Files/Raspberry_Pi/Pico_SDK_v1.5.1/pico-sdk/lib/tinyusb/src/tusb.c.obj
                0x10006a3c                tu_edpt_claim
 .text.tu_edpt_release
                0x10006a8c       0x3c CMakeFiles/reflex_test.dir/C_/Program_Files/Raspberry_Pi/Pico_SDK_v1.5.1/pico-sdk/lib/tinyusb/src/tusb.c.obj
                0x10006a8c                tu_edpt_release
 .text.tu_edpt_validate
                0x10006ac8       0x78 CMakeFiles/reflex_test.dir/C_/Program_Files/Raspberry_Pi/Pico_SDK_v1.5.1/pico-sdk/lib/tinyusb/src/tusb.c.obj
                0x10006ac8                tu_edpt_validate
 .text.tu_edpt_bind_driver
                0x10006b40       0x26 CMakeFiles/reflex_test.dir/C_/Program_Files/Raspberry_Pi/Pico_SDK_v1.5.1/pico-sdk/lib/tinyusb/src/tusb.c.obj
                0x10006b40                tu_edpt_bind_driver
 .text.advance_index
                0x10006b66       0x1a CMakeFiles/reflex_test.dir/C_/Program_Files/Raspberry_Pi/Pico_SDK_v1.5.1/pico-sdk/lib/tinyusb/src/common/tusb_fifo.c.obj
 .text._tu_fifo_peek
                0x10006b80       0x56 CMakeFiles/reflex_test.dir/C_/Program_Files/Raspberry_Pi/Pico_SDK_v1.5.1/pico-sdk/lib/tinyusb/src/common/tusb_fifo.c.obj
 .text._ff_pull_const_addr
                0x10006bd6       0x4c CMakeFiles/reflex_test.dir/C_/Program_Files/Raspberry_Pi/Pico_SDK_v1.5.1/pico-sdk/lib/tinyusb/src/common/tusb_fifo.c.obj
 .text._ff_pull_n
                0x10006c22      0x110 CMakeFiles/reflex_test.dir/C_/Program_Files/Raspberry_Pi/Pico_SDK_v1.5.1/pico-sdk/lib/tinyusb/src/common/tusb_fifo.c.obj
 .text._tu_fifo_peek_n
                0x10006d32       0x6a CMakeFiles/reflex_test.dir/C_/Program_Files/Raspberry_Pi/Pico_SDK_v1.5.1/pico-sdk/lib/tinyusb/src/common/tusb_fifo.c.obj
 .text._tu_fifo_read_n
                0x10006d9c       0x4e CMakeFiles/reflex_test.dir/C_/Program_Files/Raspberry_Pi/Pico_SDK_v1.5.1/pico-sdk/lib/tinyusb/src/common/tusb_fifo.c.obj
 .text._ff_push_const_addr
                0x10006dea       0x40 CMakeFiles/reflex_test.dir/C_/Program_Files/Raspberry_Pi/Pico_SDK_v1.5.1/pico-sdk/lib/tinyusb/src/common/tusb_fifo.c.obj
 .text._ff_push_n
                0x10006e2a      0x10c CMakeFiles/reflex_test.dir/C_/Program_Files/Raspberry_Pi/Pico_SDK_v1.5.1/pico-sdk/lib/tinyusb/src/common/tusb_fifo.c.obj
 .text._tu_fifo_write_n
                0x10006f36       0xf0 CMakeFiles/reflex_test.dir/C_/Program_Files/Raspberry_Pi/Pico_SDK_v1.5.1/pico-sdk/lib/tinyusb/src/common/tusb_fifo.c.obj
 .text.tu_fifo_config
                0x10007026       0x7c CMakeFiles/reflex_test.dir/C_/Program_Files/Raspberry_Pi/Pico_SDK_v1.5.1/pico-sdk/lib/tinyusb/src/common/tusb_fifo.c.obj
                0x10007026                tu_fifo_config
 .text.tu_fifo_count
                0x100070a2       0x2a CMakeFiles/reflex_test.dir/C_/Program_Files/Raspberry_Pi/Pico_SDK_v1.5.1/pico-sdk/lib/tinyusb/src/common/tusb_fifo.c.obj
                0x100070a2                tu_fifo_count
 .text.tu_fifo_empty
                0x100070cc       0x10 CMakeFiles/reflex_test.dir/C_/Program_Files/Raspberry_Pi/Pico_SDK_v1.5.1/pico-sdk/lib/tinyusb/src/common/tusb_fifo.c.obj
                0x100070cc                tu_fifo_empty
 .text.tu_fifo_full
                0x100070dc       0x28 CMakeFiles/reflex_test.dir/C_/Program_Files/Raspberry_Pi/Pico_SDK_v1.5.1/pico-sdk/lib/tinyusb/src/common/tusb_fifo.c.obj
                0x100070dc                tu_fifo_full
 .text.tu_fifo_remaining
                0x10007104       0x2c CMakeFiles/reflex_test.dir/C_/Program_Files/Raspberry_Pi/Pico_SDK_v1.5.1/pico-sdk/lib/tinyusb/src/common/tusb_fifo.c.obj
                0x10007104                tu_fifo_remaining
 .text.tu_fifo_read
                0x10007130       0x42 CMakeFiles/reflex_test.dir/C_/Program_Files/Raspberry_Pi/Pico_SDK_v1.5.1/pico-sdk/lib/tinyusb/src/common/tusb_fifo.c.obj
                0x10007130                tu_fifo_read
 .text.tu_fifo_read_n
                0x10007172        0xa CMakeFiles/reflex_test.dir/C_/Program_Files/Raspberry_Pi/Pico_SDK_v1.5.1/pico-sdk/lib/tinyusb/src/common/tusb_fifo.c.obj
                0x10007172                tu_fifo_read_n
 .text.tu_fifo_write
                0x1000717c       0x64 CMakeFiles/reflex_test.dir/C_/Program_Files/Raspberry_Pi/Pico_SDK_v1.5.1/pico-sdk/lib/tinyusb/src/common/tusb_fifo.c.obj
                0x1000717c                tu_fifo_write
 .text.tu_fifo_write_n
                0x100071e0        0xa CMakeFiles/reflex_test.dir/C_/Program_Files/Raspberry_Pi/Pico_SDK_v1.5.1/pico-sdk/lib/tinyusb/src/common/tusb_fifo.c.obj
                0x100071e0                tu_fifo_write_n
 .text.tu_fifo_clear
                0x100071ea       0x3e CMakeFiles/reflex_test.dir/C_/Program_Files/Raspberry_Pi/Pico_SDK_v1.5.1/pico-sdk/lib/tinyusb/src/common/tusb_fifo.c.obj
                0x100071ea                tu_fifo_clear
 .text.tu_fifo_set_overwritable
                0x10007228       0x46 CMakeFiles/reflex_test.dir/C_/Program_Files/Raspberry_Pi/Pico_SDK_v1.5.1/pico-sdk/lib/tinyusb/src/common/tusb_fifo.c.obj
                0x10007228                tu_fifo_set_overwritable
 *fill*         0x1000726e        0x2 
 .text.srand    0x10007270       0x14 c:/progra~1/raspbe~1/picosd~1.1/gcc-ar~1/bin/../lib/gcc/arm-none-eabi/10.3.1/../../../../arm-none-eabi/lib/thumb/v6-m/nofp\libg.a(lib_a-rand.o)
                0x10007270                srand
 .text.rand     0x10007284       0x34 c:/progra~1/raspbe~1/picosd~1.1/gcc-ar~1/bin/../lib/gcc/arm-none-eabi/10.3.1/../../../../arm-none-eabi/lib/thumb/v6-m/nofp\libg.a(lib_a-rand.o)
                0x10007284                rand
 .text.strlen   0x100072b8       0x5c c:/progra~1/raspbe~1/picosd~1.1/gcc-ar~1/bin/../lib/gcc/arm-none-eabi/10.3.1/../../../../arm-none-eabi/lib/thumb/v6-m/nofp\libg.a(lib_a-strlen-stub.o)
                0x100072b8                strlen
 .text.time     0x10007314       0x34 c:/progra~1/raspbe~1/picosd~1.1/gcc-ar~1/bin/../lib/gcc/arm-none-eabi/10.3.1/../../../../arm-none-eabi/lib/thumb/v6-m/nofp\libg.a(lib_a-time.o)
                0x10007314                time
 .text._gettimeofday_r
                0x10007348       0x28 c:/progra~1/raspbe~1/picosd~1.1/gcc-ar~1/bin/../lib/gcc/arm-none-eabi/10.3.1/../../../../arm-none-eabi/lib/thumb/v6-m/nofp\libg.a(lib_a-gettimeofdayr.o)
                0x10007348                _gettimeofday_r
 *(.fini)
 .fini          0x10007370        0x4 c:/progra~1/raspbe~1/picosd~1.1/gcc-ar~1/bin/../lib/gcc/arm-none-eabi/10.3.1/thumb/v6-m/nofp/crti.o
                0x10007370                _fini
 *fill*         0x10007374        0x4 
 .fini.__stub   0x10007378       0xe0 linker stubs
 *crtbegin.o(.ctors)
 *crtbegin?.o(.ctors)
 *(EXCLUDE_FILE(*crtend.o *crtend?.o) .ctors)
 *(SORT_BY_NAME(.ctors.*))
 *(.ctors)
 *crtbegin.o(.dtors)
 *crtbegin?.o(.dtors)
 *(EXCLUDE_FILE(*crtend.o *crtend?.o) .dtors)
 *(SORT_BY_NAME(.dtors.*))
 *(.dtors)
 *(.eh_frame*)
 .eh_frame      0x10007458        0x0 c:/progra~1/raspbe~1/picosd~1.1/gcc-ar~1/bin/../lib/gcc/arm-none-eabi/10.3.1/thumb/v6-m/nofp/crtbegin.o
                0x10007458                . = ALIGN (0x4)

.glue_7         0x10007458        0x0
 .glue_7        0x10007458        0x0 linker stubs

.glue_7t        0x10007458        0x0
 .glue_7t       0x10007458        0x0 linker stubs

.vfp11_veneer   0x10007458        0x0
 .vfp11_veneer  0x10007458        0x0 linker stubs

.v4_bx          0x10007458        0x0
 .v4_bx         0x10007458        0x0 linker stubs

.iplt           0x10007458        0x0
 .iplt          0x10007458        0x0 c:/progra~1/raspbe~1/picosd~1.1/gcc-ar~1/bin/../lib/gcc/arm-none-eabi/10.3.1/thumb/v6-m/nofp/crtbegin.o

.rodata         0x10007458     0x1820
 *(EXCLUDE_FILE(*libm.a: *libc.a:*lib_a-mem*.o *libgcc.a:) .rodata*)
 .rodata.main.str1.4
                0x10007458       0xdb CMakeFiles/reflex_test.dir/reflex_test.c.obj
 *fill*         0x10007533        0x1 
 .rodata.spin_lock_claim_unused.str1.4
                0x10007534       0x1b CMakeFiles/reflex_test.dir/C_/Program_Files/Raspberry_Pi/Pico_SDK_v1.5.1/pico-sdk/src/rp2_common/hardware_sync/sync.c.obj
 *fill*         0x1000754f        0x1 
 .rodata.make_branch.str1.4
                0x10007550       0x89 CMakeFiles/reflex_test.dir/C_/Program_Files/Raspberry_Pi/Pico_SDK_v1.5.1/pico-sdk/src/rp2_common/hardware_irq/irq.c.obj
 *fill*         0x100075d9        0x3 
 .rodata.insert_branch_and_link.str1.4
                0x100075dc       0x10 CMakeFiles/reflex_test.dir/C_/Program_Files/Raspberry_Pi/Pico_SDK_v1.5.1/pico-sdk/src/rp2_common/hardware_irq/irq.c.obj
 .rodata.irq_set_exclusive_handler.str1.4
                0x100075ec       0x36 CMakeFiles/reflex_test.dir/C_/Program_Files/Raspberry_Pi/Pico_SDK_v1.5.1/pico-sdk/src/rp2_common/hardware_irq/irq.c.obj
 *fill*         0x10007622        0x2 
 .rodata.irq_add_shared_handler.str1.4
                0x10007624       0xd9 CMakeFiles/reflex_test.dir/C_/Program_Files/Raspberry_Pi/Pico_SDK_v1.5.1/pico-sdk/src/rp2_common/hardware_irq/irq.c.obj
 *fill*         0x100076fd        0x3 
 .rodata.irq_remove_handler.str1.4
                0x10007700       0x3a CMakeFiles/reflex_test.dir/C_/Program_Files/Raspberry_Pi/Pico_SDK_v1.5.1/pico-sdk/src/rp2_common/hardware_irq/irq.c.obj
 *fill*         0x1000773a        0x2 
 .rodata.irq_add_tail_to_free_list.str1.4
                0x1000773c       0x3a CMakeFiles/reflex_test.dir/C_/Program_Files/Raspberry_Pi/Pico_SDK_v1.5.1/pico-sdk/src/rp2_common/hardware_irq/irq.c.obj
 *fill*         0x10007776        0x2 
 .rodata.user_irq_claim_unused.str1.4
                0x10007778       0x1b CMakeFiles/reflex_test.dir/C_/Program_Files/Raspberry_Pi/Pico_SDK_v1.5.1/pico-sdk/src/rp2_common/hardware_irq/irq.c.obj
 *fill*         0x10007793        0x1 
 .rodata.__func__.0
                0x10007794       0x1a CMakeFiles/reflex_test.dir/C_/Program_Files/Raspberry_Pi/Pico_SDK_v1.5.1/pico-sdk/src/rp2_common/hardware_irq/irq.c.obj
 *fill*         0x100077ae        0x2 
 .rodata.__func__.1
                0x100077b0       0x17 CMakeFiles/reflex_test.dir/C_/Program_Files/Raspberry_Pi/Pico_SDK_v1.5.1/pico-sdk/src/rp2_common/hardware_irq/irq.c.obj
 *fill*         0x100077c7        0x1 
 .rodata.__func__.2
                0x100077c8       0x13 CMakeFiles/reflex_test.dir/C_/Program_Files/Raspberry_Pi/Pico_SDK_v1.5.1/pico-sdk/src/rp2_common/hardware_irq/irq.c.obj
 *fill*         0x100077db        0x1 
 .rodata.__func__.3
                0x100077dc        0xc CMakeFiles/reflex_test.dir/C_/Program_Files/Raspberry_Pi/Pico_SDK_v1.5.1/pico-sdk/src/rp2_common/hardware_irq/irq.c.obj
 .rodata.__func__.4
                0x100077e8        0xf CMakeFiles/reflex_test.dir/C_/Program_Files/Raspberry_Pi/Pico_SDK_v1.5.1/pico-sdk/src/rp2_common/hardware_irq/irq.c.obj
 *fill*         0x100077f7        0x1 
 .rodata.__func__.5
                0x100077f8       0x17 CMakeFiles/reflex_test.dir/C_/Program_Files/Raspberry_Pi/Pico_SDK_v1.5.1/pico-sdk/src/rp2_common/hardware_irq/irq.c.obj
 *fill*         0x1000780f        0x1 
 .rodata.__func__.6
                0x10007810       0x1a CMakeFiles/reflex_test.dir/C_/Program_Files/Raspberry_Pi/Pico_SDK_v1.5.1/pico-sdk/src/rp2_common/hardware_irq/irq.c.obj
 *fill*         0x1000782a        0x2 
 .rodata.str1.4
                0x1000782c      0x125 CMakeFiles/reflex_test.dir/C_/Program_Files/Raspberry_Pi/Pico_SDK_v1.5.1/pico-sdk/src/common/pico_sync/mutex.c.obj
 *fill*         0x10007951        0x3 
 .rodata.__func__.1
                0x10007954        0xb CMakeFiles/reflex_test.dir/C_/Program_Files/Raspberry_Pi/Pico_SDK_v1.5.1/pico-sdk/src/common/pico_sync/mutex.c.obj
 *fill*         0x1000795f        0x1 
 .rodata.__func__.3
                0x10007960       0x18 CMakeFiles/reflex_test.dir/C_/Program_Files/Raspberry_Pi/Pico_SDK_v1.5.1/pico-sdk/src/common/pico_sync/mutex.c.obj
 .rodata.__func__.4
                0x10007978       0x15 CMakeFiles/reflex_test.dir/C_/Program_Files/Raspberry_Pi/Pico_SDK_v1.5.1/pico-sdk/src/common/pico_sync/mutex.c.obj
 *fill*         0x1000798d        0x3 
 .rodata.repeating_timer_callback.str1.4
                0x10007990       0x67 CMakeFiles/reflex_test.dir/C_/Program_Files/Raspberry_Pi/Pico_SDK_v1.5.1/pico-sdk/src/common/pico_time/time.c.obj
 *fill*         0x100079f7        0x1 
 .rodata.timer_pool_entry_comparator.str1.4
                0x100079f8       0x22 CMakeFiles/reflex_test.dir/C_/Program_Files/Raspberry_Pi/Pico_SDK_v1.5.1/pico-sdk/src/common/pico_time/time.c.obj
 *fill*         0x10007a1a        0x2 
 .rodata.ph_add_child_node.str1.4
                0x10007a1c       0xb2 CMakeFiles/reflex_test.dir/C_/Program_Files/Raspberry_Pi/Pico_SDK_v1.5.1/pico-sdk/src/common/pico_time/time.c.obj
 *fill*         0x10007ace        0x2 
 .rodata.add_alarm_under_lock.str1.4
                0x10007ad0       0x28 CMakeFiles/reflex_test.dir/C_/Program_Files/Raspberry_Pi/Pico_SDK_v1.5.1/pico-sdk/src/common/pico_time/time.c.obj
                                 0x2b (size before relaxing)
 .rodata.alarm_pool_alarm_callback.str1.4
                0x10007af8       0x98 CMakeFiles/reflex_test.dir/C_/Program_Files/Raspberry_Pi/Pico_SDK_v1.5.1/pico-sdk/src/common/pico_time/time.c.obj
                                0x118 (size before relaxing)
 .rodata.alarm_pool_get_default.str1.4
                0x10007b90       0x21 CMakeFiles/reflex_test.dir/C_/Program_Files/Raspberry_Pi/Pico_SDK_v1.5.1/pico-sdk/src/common/pico_time/time.c.obj
 *fill*         0x10007bb1        0x3 
 .rodata.alarm_pool_cancel_alarm.str1.4
                0x10007bb4       0x27 CMakeFiles/reflex_test.dir/C_/Program_Files/Raspberry_Pi/Pico_SDK_v1.5.1/pico-sdk/src/common/pico_time/time.c.obj
 *fill*         0x10007bdb        0x1 
 .rodata.sleep_until.str1.4
                0x10007bdc       0x4d CMakeFiles/reflex_test.dir/C_/Program_Files/Raspberry_Pi/Pico_SDK_v1.5.1/pico-sdk/src/common/pico_time/time.c.obj
 *fill*         0x10007c29        0x3 
 .rodata.__func__.1
                0x10007c2c       0x18 CMakeFiles/reflex_test.dir/C_/Program_Files/Raspberry_Pi/Pico_SDK_v1.5.1/pico-sdk/src/common/pico_time/time.c.obj
 .rodata.__func__.10
                0x10007c44       0x15 CMakeFiles/reflex_test.dir/C_/Program_Files/Raspberry_Pi/Pico_SDK_v1.5.1/pico-sdk/src/common/pico_time/time.c.obj
 *fill*         0x10007c59        0x3 
 .rodata.__func__.11
                0x10007c5c       0x1a CMakeFiles/reflex_test.dir/C_/Program_Files/Raspberry_Pi/Pico_SDK_v1.5.1/pico-sdk/src/common/pico_time/time.c.obj
 *fill*         0x10007c76        0x2 
 .rodata.__func__.12
                0x10007c78        0xa CMakeFiles/reflex_test.dir/C_/Program_Files/Raspberry_Pi/Pico_SDK_v1.5.1/pico-sdk/src/common/pico_time/time.c.obj
 *fill*         0x10007c82        0x2 
 .rodata.__func__.3
                0x10007c84       0x17 CMakeFiles/reflex_test.dir/C_/Program_Files/Raspberry_Pi/Pico_SDK_v1.5.1/pico-sdk/src/common/pico_time/time.c.obj
 *fill*         0x10007c9b        0x1 
 .rodata.__func__.4
                0x10007c9c       0x12 CMakeFiles/reflex_test.dir/C_/Program_Files/Raspberry_Pi/Pico_SDK_v1.5.1/pico-sdk/src/common/pico_time/time.c.obj
 *fill*         0x10007cae        0x2 
 .rodata.__func__.5
                0x10007cb0        0xd CMakeFiles/reflex_test.dir/C_/Program_Files/Raspberry_Pi/Pico_SDK_v1.5.1/pico-sdk/src/common/pico_time/time.c.obj
 *fill*         0x10007cbd        0x3 
 .rodata.__func__.6
                0x10007cc0       0x12 CMakeFiles/reflex_test.dir/C_/Program_Files/Raspberry_Pi/Pico_SDK_v1.5.1/pico-sdk/src/common/pico_time/time.c.obj
 *fill*         0x10007cd2        0x2 
 .rodata.__func__.7
                0x10007cd4        0xf CMakeFiles/reflex_test.dir/C_/Program_Files/Raspberry_Pi/Pico_SDK_v1.5.1/pico-sdk/src/common/pico_time/time.c.obj
 *fill*         0x10007ce3        0x1 
 .rodata.__func__.8
                0x10007ce4        0xc CMakeFiles/reflex_test.dir/C_/Program_Files/Raspberry_Pi/Pico_SDK_v1.5.1/pico-sdk/src/common/pico_time/time.c.obj
 .rodata.__func__.9
                0x10007cf0       0x15 CMakeFiles/reflex_test.dir/C_/Program_Files/Raspberry_Pi/Pico_SDK_v1.5.1/pico-sdk/src/common/pico_time/time.c.obj
 *fill*         0x10007d05        0x3 
 .rodata.hardware_alarm_claim.str1.4
                0x10007d08       0x22 CMakeFiles/reflex_test.dir/C_/Program_Files/Raspberry_Pi/Pico_SDK_v1.5.1/pico-sdk/src/rp2_common/hardware_timer/timer.c.obj
 *fill*         0x10007d2a        0x2 
 .rodata.hardware_alarm_set_target.str1.4
                0x10007d2c       0x81 CMakeFiles/reflex_test.dir/C_/Program_Files/Raspberry_Pi/Pico_SDK_v1.5.1/pico-sdk/src/rp2_common/hardware_timer/timer.c.obj
 *fill*         0x10007dad        0x3 
 .rodata.__func__.0
                0x10007db0       0x1a CMakeFiles/reflex_test.dir/C_/Program_Files/Raspberry_Pi/Pico_SDK_v1.5.1/pico-sdk/src/rp2_common/hardware_timer/timer.c.obj
 .rodata.ph_add_child_node.str1.4
                0x10007dca       0xb2 CMakeFiles/reflex_test.dir/C_/Program_Files/Raspberry_Pi/Pico_SDK_v1.5.1/pico-sdk/src/common/pico_util/pheap.c.obj
 *fill*         0x10007dca        0x2 
 .rodata.ph_remove_any_head.str1.4
                0x10007dcc       0xa8 CMakeFiles/reflex_test.dir/C_/Program_Files/Raspberry_Pi/Pico_SDK_v1.5.1/pico-sdk/src/common/pico_util/pheap.c.obj
                                 0xbc (size before relaxing)
 .rodata.ph_remove_and_free_node.str1.4
                0x10007e74       0x1e CMakeFiles/reflex_test.dir/C_/Program_Files/Raspberry_Pi/Pico_SDK_v1.5.1/pico-sdk/src/common/pico_util/pheap.c.obj
                                 0x26 (size before relaxing)
 *fill*         0x10007e92        0x2 
 .rodata.__func__.0
                0x10007e94       0x18 CMakeFiles/reflex_test.dir/C_/Program_Files/Raspberry_Pi/Pico_SDK_v1.5.1/pico-sdk/src/common/pico_util/pheap.c.obj
 .rodata.__func__.1
                0x10007eac       0x13 CMakeFiles/reflex_test.dir/C_/Program_Files/Raspberry_Pi/Pico_SDK_v1.5.1/pico-sdk/src/common/pico_util/pheap.c.obj
 *fill*         0x10007ebf        0x1 
 .rodata.__func__.2
                0x10007ec0       0x12 CMakeFiles/reflex_test.dir/C_/Program_Files/Raspberry_Pi/Pico_SDK_v1.5.1/pico-sdk/src/common/pico_util/pheap.c.obj
 *fill*         0x10007ed2        0x2 
 .rodata.__func__.3
                0x10007ed4        0xc CMakeFiles/reflex_test.dir/C_/Program_Files/Raspberry_Pi/Pico_SDK_v1.5.1/pico-sdk/src/common/pico_util/pheap.c.obj
 .rodata.clock_configure.str1.4
                0x10007ee0       0x73 CMakeFiles/reflex_test.dir/C_/Program_Files/Raspberry_Pi/Pico_SDK_v1.5.1/pico-sdk/src/rp2_common/hardware_clocks/clocks.c.obj
 *fill*         0x10007f53        0x1 
 .rodata.__func__.1
                0x10007f54       0x10 CMakeFiles/reflex_test.dir/C_/Program_Files/Raspberry_Pi/Pico_SDK_v1.5.1/pico-sdk/src/rp2_common/hardware_clocks/clocks.c.obj
 .rodata.pll_init.str1.4
                0x10007f64      0x140 CMakeFiles/reflex_test.dir/C_/Program_Files/Raspberry_Pi/Pico_SDK_v1.5.1/pico-sdk/src/rp2_common/hardware_pll/pll.c.obj
 .rodata.__func__.0
                0x100080a4        0x9 CMakeFiles/reflex_test.dir/C_/Program_Files/Raspberry_Pi/Pico_SDK_v1.5.1/pico-sdk/src/rp2_common/hardware_pll/pll.c.obj
 *fill*         0x100080ad        0x3 
 .rodata.__assert_func.str1.4
                0x100080b0       0x3f CMakeFiles/reflex_test.dir/C_/Program_Files/Raspberry_Pi/Pico_SDK_v1.5.1/pico-sdk/src/rp2_common/pico_runtime/runtime.c.obj
                                 0x43 (size before relaxing)
 *fill*         0x100080ef        0x1 
 .rodata.runtime_init.str1.4
                0x100080f0       0x7d CMakeFiles/reflex_test.dir/C_/Program_Files/Raspberry_Pi/Pico_SDK_v1.5.1/pico-sdk/src/rp2_common/pico_runtime/runtime.c.obj
 .rodata._gettimeofday.str1.4
                0x1000816d       0x7d CMakeFiles/reflex_test.dir/C_/Program_Files/Raspberry_Pi/Pico_SDK_v1.5.1/pico-sdk/src/rp2_common/pico_runtime/runtime.c.obj
 *fill*         0x1000816d        0x3 
 .rodata.panic.str1.4
                0x10008170       0x10 CMakeFiles/reflex_test.dir/C_/Program_Files/Raspberry_Pi/Pico_SDK_v1.5.1/pico-sdk/src/rp2_common/pico_runtime/runtime.c.obj
                                 0x12 (size before relaxing)
 .rodata.__func__.0
                0x10008180       0x15 CMakeFiles/reflex_test.dir/C_/Program_Files/Raspberry_Pi/Pico_SDK_v1.5.1/pico-sdk/src/rp2_common/pico_runtime/runtime.c.obj
 *fill*         0x10008195        0x3 
 .rodata.__func__.2
                0x10008198        0xd CMakeFiles/reflex_test.dir/C_/Program_Files/Raspberry_Pi/Pico_SDK_v1.5.1/pico-sdk/src/rp2_common/pico_runtime/runtime.c.obj
 *fill*         0x100081a5        0x3 
 .rodata._ftoa.str1.4
                0x100081a8       0x15 CMakeFiles/reflex_test.dir/C_/Program_Files/Raspberry_Pi/Pico_SDK_v1.5.1/pico-sdk/src/rp2_common/pico_printf/printf.c.obj
 *fill*         0x100081bd        0x3 
 .rodata._vsnprintf
                0x100081c0      0x1e0 CMakeFiles/reflex_test.dir/C_/Program_Files/Raspberry_Pi/Pico_SDK_v1.5.1/pico-sdk/src/rp2_common/pico_printf/printf.c.obj
 .rodata.pow10.0
                0x100083a0       0x50 CMakeFiles/reflex_test.dir/C_/Program_Files/Raspberry_Pi/Pico_SDK_v1.5.1/pico-sdk/src/rp2_common/pico_printf/printf.c.obj
 .rodata.__aeabi_double_init.str1.4
                0x100083f0       0xb8 CMakeFiles/reflex_test.dir/C_/Program_Files/Raspberry_Pi/Pico_SDK_v1.5.1/pico-sdk/src/rp2_common/pico_double/double_init_rom.c.obj
 .rodata.__func__.0
                0x100084a8       0x14 CMakeFiles/reflex_test.dir/C_/Program_Files/Raspberry_Pi/Pico_SDK_v1.5.1/pico-sdk/src/rp2_common/pico_double/double_init_rom.c.obj
 .rodata.__aeabi_float_init.str1.4
                0x100084bc       0x96 CMakeFiles/reflex_test.dir/C_/Program_Files/Raspberry_Pi/Pico_SDK_v1.5.1/pico-sdk/src/rp2_common/pico_float/float_init_rom.c.obj
                                 0x9a (size before relaxing)
 *fill*         0x10008552        0x2 
 .rodata.__func__.0
                0x10008554       0x13 CMakeFiles/reflex_test.dir/C_/Program_Files/Raspberry_Pi/Pico_SDK_v1.5.1/pico-sdk/src/rp2_common/pico_float/float_init_rom.c.obj
 *fill*         0x10008567        0x1 
 .rodata.str1.4
                0x10008568       0x40 CMakeFiles/reflex_test.dir/C_/Program_Files/Raspberry_Pi/Pico_SDK_v1.5.1/pico-sdk/src/rp2_common/pico_standard_link/binary_info.c.obj
 .rodata.__bi_44
                0x100085a8        0xc CMakeFiles/reflex_test.dir/C_/Program_Files/Raspberry_Pi/Pico_SDK_v1.5.1/pico-sdk/src/rp2_common/pico_standard_link/binary_info.c.obj
 .rodata.__bi_75
                0x100085b4        0xc CMakeFiles/reflex_test.dir/C_/Program_Files/Raspberry_Pi/Pico_SDK_v1.5.1/pico-sdk/src/rp2_common/pico_standard_link/binary_info.c.obj
 .rodata.__bi_81
                0x100085c0        0xc CMakeFiles/reflex_test.dir/C_/Program_Files/Raspberry_Pi/Pico_SDK_v1.5.1/pico-sdk/src/rp2_common/pico_standard_link/binary_info.c.obj
 .rodata.stdout_serialize_begin.str1.4
                0x100085cc       0x7d CMakeFiles/reflex_test.dir/C_/Program_Files/Raspberry_Pi/Pico_SDK_v1.5.1/pico-sdk/src/rp2_common/pico_stdio/stdio.c.obj
 .rodata.__func__.3
                0x100085cc       0x15 CMakeFiles/reflex_test.dir/C_/Program_Files/Raspberry_Pi/Pico_SDK_v1.5.1/pico-sdk/src/rp2_common/pico_stdio/stdio.c.obj
 *fill*         0x100085e1        0x3 
 .rodata.crlf_str.2
                0x100085e4        0x2 CMakeFiles/reflex_test.dir/C_/Program_Files/Raspberry_Pi/Pico_SDK_v1.5.1/pico-sdk/src/rp2_common/pico_stdio/stdio.c.obj
 *fill*         0x100085e6        0x2 
 .rodata._resetd_driver
                0x100085e8       0x18 CMakeFiles/reflex_test.dir/C_/Program_Files/Raspberry_Pi/Pico_SDK_v1.5.1/pico-sdk/src/rp2_common/pico_stdio_usb/reset_interface.c.obj
 .rodata.low_priority_worker_irq.str1.4
                0x10008600       0x7d CMakeFiles/reflex_test.dir/C_/Program_Files/Raspberry_Pi/Pico_SDK_v1.5.1/pico-sdk/src/rp2_common/pico_stdio_usb/stdio_usb.c.obj
 .rodata.stdio_usb_init.str1.4
                0x10008600       0x61 CMakeFiles/reflex_test.dir/C_/Program_Files/Raspberry_Pi/Pico_SDK_v1.5.1/pico-sdk/src/rp2_common/pico_stdio_usb/stdio_usb.c.obj
                                 0x69 (size before relaxing)
 *fill*         0x10008661        0x3 
 .rodata.str1.4
                0x10008664       0x13 CMakeFiles/reflex_test.dir/C_/Program_Files/Raspberry_Pi/Pico_SDK_v1.5.1/pico-sdk/src/rp2_common/pico_stdio_usb/stdio_usb.c.obj
 *fill*         0x10008677        0x1 
 .rodata.__bi_182.0
                0x10008678        0xc CMakeFiles/reflex_test.dir/C_/Program_Files/Raspberry_Pi/Pico_SDK_v1.5.1/pico-sdk/src/rp2_common/pico_stdio_usb/stdio_usb.c.obj
 .rodata.__func__.1
                0x10008684        0xf CMakeFiles/reflex_test.dir/C_/Program_Files/Raspberry_Pi/Pico_SDK_v1.5.1/pico-sdk/src/rp2_common/pico_stdio_usb/stdio_usb.c.obj
 *fill*         0x10008693        0x1 
 .rodata.__func__.3
                0x10008694       0x15 CMakeFiles/reflex_test.dir/C_/Program_Files/Raspberry_Pi/Pico_SDK_v1.5.1/pico-sdk/src/rp2_common/pico_stdio_usb/stdio_usb.c.obj
 *fill*         0x100086a9        0x3 
 .rodata.str1.4
                0x100086ac       0x2a CMakeFiles/reflex_test.dir/C_/Program_Files/Raspberry_Pi/Pico_SDK_v1.5.1/pico-sdk/src/rp2_common/pico_stdio_usb/stdio_usb_descriptors.c.obj
 *fill*         0x100086d6        0x2 
 .rodata.usbd_desc_cfg
                0x100086d8       0x54 CMakeFiles/reflex_test.dir/C_/Program_Files/Raspberry_Pi/Pico_SDK_v1.5.1/pico-sdk/src/rp2_common/pico_stdio_usb/stdio_usb_descriptors.c.obj
 .rodata.usbd_desc_device
                0x1000872c       0x12 CMakeFiles/reflex_test.dir/C_/Program_Files/Raspberry_Pi/Pico_SDK_v1.5.1/pico-sdk/src/rp2_common/pico_stdio_usb/stdio_usb_descriptors.c.obj
 *fill*         0x1000873e        0x2 
 .rodata.usbd_desc_str
                0x10008740       0x18 CMakeFiles/reflex_test.dir/C_/Program_Files/Raspberry_Pi/Pico_SDK_v1.5.1/pico-sdk/src/rp2_common/pico_stdio_usb/stdio_usb_descriptors.c.obj
 .rodata.pico_get_unique_board_id_string.str1.4
                0x10008758       0x69 CMakeFiles/reflex_test.dir/C_/Program_Files/Raspberry_Pi/Pico_SDK_v1.5.1/pico-sdk/src/rp2_common/pico_unique_id/unique_id.c.obj
 *fill*         0x100087c1        0x3 
 .rodata.__func__.0
                0x100087c4       0x20 CMakeFiles/reflex_test.dir/C_/Program_Files/Raspberry_Pi/Pico_SDK_v1.5.1/pico-sdk/src/rp2_common/pico_unique_id/unique_id.c.obj
 .rodata.str1.4
                0x100087e4      0x176 CMakeFiles/reflex_test.dir/C_/Program_Files/Raspberry_Pi/Pico_SDK_v1.5.1/pico-sdk/src/rp2_common/hardware_flash/flash.c.obj
 *fill*         0x1000895a        0x2 
 .rodata.__func__.0
                0x1000895c        0xd CMakeFiles/reflex_test.dir/C_/Program_Files/Raspberry_Pi/Pico_SDK_v1.5.1/pico-sdk/src/rp2_common/hardware_flash/flash.c.obj
 *fill*         0x10008969        0x3 
 .rodata._hw_endpoint_alloc.str1.4
                0x1000896c       0xd1 CMakeFiles/reflex_test.dir/C_/Program_Files/Raspberry_Pi/Pico_SDK_v1.5.1/pico-sdk/lib/tinyusb/src/portable/raspberrypi/rp2040/dcd_rp2040.c.obj
 *fill*         0x10008a3d        0x3 
 .rodata.str1.4
                0x10008a40       0x14 CMakeFiles/reflex_test.dir/C_/Program_Files/Raspberry_Pi/Pico_SDK_v1.5.1/pico-sdk/lib/tinyusb/src/portable/raspberrypi/rp2040/dcd_rp2040.c.obj
 .rodata.dcd_int_enable.str1.4
                0x10008a54        0xc CMakeFiles/reflex_test.dir/C_/Program_Files/Raspberry_Pi/Pico_SDK_v1.5.1/pico-sdk/lib/tinyusb/src/portable/raspberrypi/rp2040/dcd_rp2040.c.obj
 .rodata.__func__.0
                0x10008a60        0xe CMakeFiles/reflex_test.dir/C_/Program_Files/Raspberry_Pi/Pico_SDK_v1.5.1/pico-sdk/lib/tinyusb/src/portable/raspberrypi/rp2040/dcd_rp2040.c.obj
 *fill*         0x10008a6e        0x2 
 .rodata.__func__.1
                0x10008a70        0xe CMakeFiles/reflex_test.dir/C_/Program_Files/Raspberry_Pi/Pico_SDK_v1.5.1/pico-sdk/lib/tinyusb/src/portable/raspberrypi/rp2040/dcd_rp2040.c.obj
 *fill*         0x10008a7e        0x2 
 .rodata.__func__.3
                0x10008a80       0x10 CMakeFiles/reflex_test.dir/C_/Program_Files/Raspberry_Pi/Pico_SDK_v1.5.1/pico-sdk/lib/tinyusb/src/portable/raspberrypi/rp2040/dcd_rp2040.c.obj
 .rodata.__func__.5
                0x10008a90        0xf CMakeFiles/reflex_test.dir/C_/Program_Files/Raspberry_Pi/Pico_SDK_v1.5.1/pico-sdk/lib/tinyusb/src/portable/raspberrypi/rp2040/dcd_rp2040.c.obj
 *fill*         0x10008a9f        0x1 
 .rodata.__func__.6
                0x10008aa0       0x13 CMakeFiles/reflex_test.dir/C_/Program_Files/Raspberry_Pi/Pico_SDK_v1.5.1/pico-sdk/lib/tinyusb/src/portable/raspberrypi/rp2040/dcd_rp2040.c.obj
 *fill*         0x10008ab3        0x1 
 .rodata.__func__.7
                0x10008ab4        0x9 CMakeFiles/reflex_test.dir/C_/Program_Files/Raspberry_Pi/Pico_SDK_v1.5.1/pico-sdk/lib/tinyusb/src/portable/raspberrypi/rp2040/dcd_rp2040.c.obj
 *fill*         0x10008abd        0x3 
 .rodata.str1.4
                0x10008ac0      0x103 CMakeFiles/reflex_test.dir/C_/Program_Files/Raspberry_Pi/Pico_SDK_v1.5.1/pico-sdk/lib/tinyusb/src/portable/raspberrypi/rp2040/rp2040_usb.c.obj
 *fill*         0x10008bc3        0x1 
 .rodata.__func__.0
                0x10008bc4        0xf CMakeFiles/reflex_test.dir/C_/Program_Files/Raspberry_Pi/Pico_SDK_v1.5.1/pico-sdk/lib/tinyusb/src/portable/raspberrypi/rp2040/rp2040_usb.c.obj
 *fill*         0x10008bd3        0x1 
 .rodata.process_get_descriptor
                0x10008bd4       0x40 CMakeFiles/reflex_test.dir/C_/Program_Files/Raspberry_Pi/Pico_SDK_v1.5.1/pico-sdk/lib/tinyusb/src/device/usbd.c.obj
 .rodata.process_control_request
                0x10008c14       0x28 CMakeFiles/reflex_test.dir/C_/Program_Files/Raspberry_Pi/Pico_SDK_v1.5.1/pico-sdk/lib/tinyusb/src/device/usbd.c.obj
 .rodata.tud_task_ext
                0x10008c3c       0x24 CMakeFiles/reflex_test.dir/C_/Program_Files/Raspberry_Pi/Pico_SDK_v1.5.1/pico-sdk/lib/tinyusb/src/device/usbd.c.obj
 .rodata._usbd_driver
                0x10008c60       0x18 CMakeFiles/reflex_test.dir/C_/Program_Files/Raspberry_Pi/Pico_SDK_v1.5.1/pico-sdk/lib/tinyusb/src/device/usbd.c.obj
                0x10008c78                . = ALIGN (0x4)
 *(SORT_BY_ALIGNMENT(SORT_BY_NAME(.flashdata*)))
                0x10008c78                . = ALIGN (0x4)

.ARM.extab
 *(.ARM.extab* .gnu.linkonce.armextab.*)
                0x10008c78                __exidx_start = .

.ARM.exidx
 *(.ARM.exidx* .gnu.linkonce.armexidx.*)
                0x10008c78                __exidx_end = .
                0x10008c78                . = ALIGN (0x4)
                0x10008c78                __binary_info_start = .

.binary_info    0x10008c78       0x20
 *(.binary_info.keep.*)
 .binary_info.keep.__bi_ptr22
                0x10008c78        0x4 CMakeFiles/reflex_test.dir/C_/Program_Files/Raspberry_Pi/Pico_SDK_v1.5.1/pico-sdk/src/rp2_common/pico_standard_link/binary_info.c.obj
 .binary_info.keep.__bi_ptr30
                0x10008c7c        0x4 CMakeFiles/reflex_test.dir/C_/Program_Files/Raspberry_Pi/Pico_SDK_v1.5.1/pico-sdk/src/rp2_common/pico_standard_link/binary_info.c.obj
 .binary_info.keep.__bi_ptr38
                0x10008c80        0x4 CMakeFiles/reflex_test.dir/C_/Program_Files/Raspberry_Pi/Pico_SDK_v1.5.1/pico-sdk/src/rp2_common/pico_standard_link/binary_info.c.obj
 .binary_info.keep.__bi_ptr44
                0x10008c84        0x4 CMakeFiles/reflex_test.dir/C_/Program_Files/Raspberry_Pi/Pico_SDK_v1.5.1/pico-sdk/src/rp2_common/pico_standard_link/binary_info.c.obj
 .binary_info.keep.__bi_ptr50
                0x10008c88        0x4 CMakeFiles/reflex_test.dir/C_/Program_Files/Raspberry_Pi/Pico_SDK_v1.5.1/pico-sdk/src/rp2_common/pico_standard_link/binary_info.c.obj
 .binary_info.keep.__bi_ptr75
                0x10008c8c        0x4 CMakeFiles/reflex_test.dir/C_/Program_Files/Raspberry_Pi/Pico_SDK_v1.5.1/pico-sdk/src/rp2_common/pico_standard_link/binary_info.c.obj
 .binary_info.keep.__bi_ptr81
                0x10008c90        0x4 CMakeFiles/reflex_test.dir/C_/Program_Files/Raspberry_Pi/Pico_SDK_v1.5.1/pico-sdk/src/rp2_common/pico_standard_link/binary_info.c.obj
 *(.binary_info.*)
 .binary_info.__bi_ptr182
                0x10008c94        0x4 CMakeFiles/reflex_test.dir/C_/Program_Files/Raspberry_Pi/Pico_SDK_v1.5.1/pico-sdk/src/rp2_common/pico_stdio_usb/stdio_usb.c.obj
                0x10008c98                __binary_info_end = .

.rel.dyn        0x10008c98        0x0
 .rel.iplt      0x10008c98        0x0 c:/progra~1/raspbe~1/picosd~1.1/gcc-ar~1/bin/../lib/gcc/arm-none-eabi/10.3.1/thumb/v6-m/nofp/crtbegin.o
                0x10008c98                . = ALIGN (0x4)

.ram_vector_table
                0x20000000       0xc0
 *(.ram_vector_table)
 .ram_vector_table
                0x20000000       0xc0 CMakeFiles/reflex_test.dir/C_/Program_Files/Raspberry_Pi/Pico_SDK_v1.5.1/pico-sdk/src/rp2_common/pico_runtime/runtime.c.obj
                0x20000000                ram_vector_table

.data           0x200000c0     0x1040 load address 0x10008c98
                0x200000c0                __data_start__ = .
 *(vtable)
 *(.time_critical*)
 .time_critical.mutex_try_enter
                0x200000c0       0x46 CMakeFiles/reflex_test.dir/C_/Program_Files/Raspberry_Pi/Pico_SDK_v1.5.1/pico-sdk/src/common/pico_sync/mutex.c.obj
                0x200000c0                mutex_try_enter
 *fill*         0x20000106        0x2 
 .time_critical.mutex_enter_block_until
                0x20000108       0x8c CMakeFiles/reflex_test.dir/C_/Program_Files/Raspberry_Pi/Pico_SDK_v1.5.1/pico-sdk/src/common/pico_sync/mutex.c.obj
                0x20000108                mutex_enter_block_until
 .time_critical.mutex_try_enter_block_until
                0x20000194       0x34 CMakeFiles/reflex_test.dir/C_/Program_Files/Raspberry_Pi/Pico_SDK_v1.5.1/pico-sdk/src/common/pico_sync/mutex.c.obj
                0x20000194                mutex_try_enter_block_until
 .time_critical.mutex_enter_timeout_ms
                0x200001c8       0x68 CMakeFiles/reflex_test.dir/C_/Program_Files/Raspberry_Pi/Pico_SDK_v1.5.1/pico-sdk/src/common/pico_sync/mutex.c.obj
                0x200001c8                mutex_enter_timeout_ms
 .time_critical.mutex_exit
                0x20000230       0x4c CMakeFiles/reflex_test.dir/C_/Program_Files/Raspberry_Pi/Pico_SDK_v1.5.1/pico-sdk/src/common/pico_sync/mutex.c.obj
                0x20000230                mutex_exit
 .time_critical.flash_init_boot2_copyout
                0x2000027c       0x30 CMakeFiles/reflex_test.dir/C_/Program_Files/Raspberry_Pi/Pico_SDK_v1.5.1/pico-sdk/src/rp2_common/hardware_flash/flash.c.obj
 .time_critical.flash_enable_xip_via_boot2
                0x200002ac       0x10 CMakeFiles/reflex_test.dir/C_/Program_Files/Raspberry_Pi/Pico_SDK_v1.5.1/pico-sdk/src/rp2_common/hardware_flash/flash.c.obj
 .time_critical.flash_cs_force
                0x200002bc       0x28 CMakeFiles/reflex_test.dir/C_/Program_Files/Raspberry_Pi/Pico_SDK_v1.5.1/pico-sdk/src/rp2_common/hardware_flash/flash.c.obj
 .time_critical.flash_do_cmd
                0x200002e4       0xd8 CMakeFiles/reflex_test.dir/C_/Program_Files/Raspberry_Pi/Pico_SDK_v1.5.1/pico-sdk/src/rp2_common/hardware_flash/flash.c.obj
                0x200002e4                flash_do_cmd
 .time_critical.reset_non_control_endpoints
                0x200003bc       0x40 CMakeFiles/reflex_test.dir/C_/Program_Files/Raspberry_Pi/Pico_SDK_v1.5.1/pico-sdk/lib/tinyusb/src/portable/raspberrypi/rp2040/dcd_rp2040.c.obj
 .time_critical.hw_handle_buff_status
                0x200003fc       0xa4 CMakeFiles/reflex_test.dir/C_/Program_Files/Raspberry_Pi/Pico_SDK_v1.5.1/pico-sdk/lib/tinyusb/src/portable/raspberrypi/rp2040/dcd_rp2040.c.obj
 .time_critical.dcd_rp2040_irq
                0x200004a0      0x1cc CMakeFiles/reflex_test.dir/C_/Program_Files/Raspberry_Pi/Pico_SDK_v1.5.1/pico-sdk/lib/tinyusb/src/portable/raspberrypi/rp2040/dcd_rp2040.c.obj
 .time_critical.e15_is_bulkin_ep
                0x2000066c       0x2c CMakeFiles/reflex_test.dir/C_/Program_Files/Raspberry_Pi/Pico_SDK_v1.5.1/pico-sdk/lib/tinyusb/src/portable/raspberrypi/rp2040/rp2040_usb.c.obj
 .time_critical.e15_is_critical_frame_period
                0x20000698       0x30 CMakeFiles/reflex_test.dir/C_/Program_Files/Raspberry_Pi/Pico_SDK_v1.5.1/pico-sdk/lib/tinyusb/src/portable/raspberrypi/rp2040/rp2040_usb.c.obj
 .time_critical.prepare_ep_buffer
                0x200006c8       0x70 CMakeFiles/reflex_test.dir/C_/Program_Files/Raspberry_Pi/Pico_SDK_v1.5.1/pico-sdk/lib/tinyusb/src/portable/raspberrypi/rp2040/rp2040_usb.c.obj
 .time_critical.sync_ep_buffer
                0x20000738       0x80 CMakeFiles/reflex_test.dir/C_/Program_Files/Raspberry_Pi/Pico_SDK_v1.5.1/pico-sdk/lib/tinyusb/src/portable/raspberrypi/rp2040/rp2040_usb.c.obj
 .time_critical._hw_endpoint_xfer_sync
                0x200007b8       0x28 CMakeFiles/reflex_test.dir/C_/Program_Files/Raspberry_Pi/Pico_SDK_v1.5.1/pico-sdk/lib/tinyusb/src/portable/raspberrypi/rp2040/rp2040_usb.c.obj
 .time_critical.hw_endpoint_reset_transfer
                0x200007e0        0xc CMakeFiles/reflex_test.dir/C_/Program_Files/Raspberry_Pi/Pico_SDK_v1.5.1/pico-sdk/lib/tinyusb/src/portable/raspberrypi/rp2040/rp2040_usb.c.obj
                0x200007e0                hw_endpoint_reset_transfer
 .time_critical._hw_endpoint_buffer_control_update32
                0x200007ec       0x58 CMakeFiles/reflex_test.dir/C_/Program_Files/Raspberry_Pi/Pico_SDK_v1.5.1/pico-sdk/lib/tinyusb/src/portable/raspberrypi/rp2040/rp2040_usb.c.obj
                0x200007ec                _hw_endpoint_buffer_control_update32
 .time_critical.hw_endpoint_start_next_buffer
                0x20000844       0x88 CMakeFiles/reflex_test.dir/C_/Program_Files/Raspberry_Pi/Pico_SDK_v1.5.1/pico-sdk/lib/tinyusb/src/portable/raspberrypi/rp2040/rp2040_usb.c.obj
                0x20000844                hw_endpoint_start_next_buffer
 .time_critical.hw_endpoint_xfer_continue